Archive member included to satisfy reference by file (symbol)

c:/program files (x86)/atollic/truestudio for stm32 9.2.0/armtools/bin/../lib/gcc/arm-atollic-eabi/6.3.1/../../../../arm-atollic-eabi/lib/armv7e-m/fpu/fpv5-d16\libc_nano.a(lib_a-init.o)
                              startup\startup_stm32f767xx.o (__libc_init_array)
c:/program files (x86)/atollic/truestudio for stm32 9.2.0/armtools/bin/../lib/gcc/arm-atollic-eabi/6.3.1/../../../../arm-atollic-eabi/lib/armv7e-m/fpu/fpv5-d16\libc_nano.a(lib_a-memset.o)
                              Src\main.o (memset)
c:/program files (x86)/atollic/truestudio for stm32 9.2.0/armtools/bin/../lib/gcc/arm-atollic-eabi/6.3.1/../../../../arm-atollic-eabi/lib/armv7e-m/fpu/fpv5-d16\libc_nano.a(lib_a-strlen.o)
                              Src\main.o (strlen)
c:/program files (x86)/atollic/truestudio for stm32 9.2.0/armtools/bin/../lib/gcc/arm-atollic-eabi/6.3.1/../../../../arm-atollic-eabi/lib/armv7e-m/fpu/fpv5-d16\libc_nano.a(lib_a-vsprintf.o)
                              Src\main.o (vsprintf)
c:/program files (x86)/atollic/truestudio for stm32 9.2.0/armtools/bin/../lib/gcc/arm-atollic-eabi/6.3.1/../../../../arm-atollic-eabi/lib/armv7e-m/fpu/fpv5-d16\libc_nano.a(lib_a-impure.o)
                              c:/program files (x86)/atollic/truestudio for stm32 9.2.0/armtools/bin/../lib/gcc/arm-atollic-eabi/6.3.1/../../../../arm-atollic-eabi/lib/armv7e-m/fpu/fpv5-d16\libc_nano.a(lib_a-vsprintf.o) (_impure_ptr)
c:/program files (x86)/atollic/truestudio for stm32 9.2.0/armtools/bin/../lib/gcc/arm-atollic-eabi/6.3.1/../../../../arm-atollic-eabi/lib/armv7e-m/fpu/fpv5-d16\libc_nano.a(lib_a-nano-svfprintf.o)
                              c:/program files (x86)/atollic/truestudio for stm32 9.2.0/armtools/bin/../lib/gcc/arm-atollic-eabi/6.3.1/../../../../arm-atollic-eabi/lib/armv7e-m/fpu/fpv5-d16\libc_nano.a(lib_a-vsprintf.o) (_svfprintf_r)
c:/program files (x86)/atollic/truestudio for stm32 9.2.0/armtools/bin/../lib/gcc/arm-atollic-eabi/6.3.1/../../../../arm-atollic-eabi/lib/armv7e-m/fpu/fpv5-d16\libc_nano.a(lib_a-nano-vfprintf_i.o)
                              c:/program files (x86)/atollic/truestudio for stm32 9.2.0/armtools/bin/../lib/gcc/arm-atollic-eabi/6.3.1/../../../../arm-atollic-eabi/lib/armv7e-m/fpu/fpv5-d16\libc_nano.a(lib_a-nano-svfprintf.o) (_printf_i)
c:/program files (x86)/atollic/truestudio for stm32 9.2.0/armtools/bin/../lib/gcc/arm-atollic-eabi/6.3.1/../../../../arm-atollic-eabi/lib/armv7e-m/fpu/fpv5-d16\libc_nano.a(lib_a-memchr.o)
                              c:/program files (x86)/atollic/truestudio for stm32 9.2.0/armtools/bin/../lib/gcc/arm-atollic-eabi/6.3.1/../../../../arm-atollic-eabi/lib/armv7e-m/fpu/fpv5-d16\libc_nano.a(lib_a-nano-svfprintf.o) (memchr)
c:/program files (x86)/atollic/truestudio for stm32 9.2.0/armtools/bin/../lib/gcc/arm-atollic-eabi/6.3.1/../../../../arm-atollic-eabi/lib/armv7e-m/fpu/fpv5-d16\libc_nano.a(lib_a-memcpy-stub.o)
                              c:/program files (x86)/atollic/truestudio for stm32 9.2.0/armtools/bin/../lib/gcc/arm-atollic-eabi/6.3.1/../../../../arm-atollic-eabi/lib/armv7e-m/fpu/fpv5-d16\libc_nano.a(lib_a-nano-svfprintf.o) (memcpy)
c:/program files (x86)/atollic/truestudio for stm32 9.2.0/armtools/bin/../lib/gcc/arm-atollic-eabi/6.3.1/../../../../arm-atollic-eabi/lib/armv7e-m/fpu/fpv5-d16\libc_nano.a(lib_a-memmove.o)
                              c:/program files (x86)/atollic/truestudio for stm32 9.2.0/armtools/bin/../lib/gcc/arm-atollic-eabi/6.3.1/../../../../arm-atollic-eabi/lib/armv7e-m/fpu/fpv5-d16\libc_nano.a(lib_a-nano-svfprintf.o) (memmove)
c:/program files (x86)/atollic/truestudio for stm32 9.2.0/armtools/bin/../lib/gcc/arm-atollic-eabi/6.3.1/../../../../arm-atollic-eabi/lib/armv7e-m/fpu/fpv5-d16\libc_nano.a(lib_a-nano-freer.o)
                              c:/program files (x86)/atollic/truestudio for stm32 9.2.0/armtools/bin/../lib/gcc/arm-atollic-eabi/6.3.1/../../../../arm-atollic-eabi/lib/armv7e-m/fpu/fpv5-d16\libc_nano.a(lib_a-nano-svfprintf.o) (_free_r)
c:/program files (x86)/atollic/truestudio for stm32 9.2.0/armtools/bin/../lib/gcc/arm-atollic-eabi/6.3.1/../../../../arm-atollic-eabi/lib/armv7e-m/fpu/fpv5-d16\libc_nano.a(lib_a-nano-mallocr.o)
                              c:/program files (x86)/atollic/truestudio for stm32 9.2.0/armtools/bin/../lib/gcc/arm-atollic-eabi/6.3.1/../../../../arm-atollic-eabi/lib/armv7e-m/fpu/fpv5-d16\libc_nano.a(lib_a-nano-svfprintf.o) (_malloc_r)
c:/program files (x86)/atollic/truestudio for stm32 9.2.0/armtools/bin/../lib/gcc/arm-atollic-eabi/6.3.1/../../../../arm-atollic-eabi/lib/armv7e-m/fpu/fpv5-d16\libc_nano.a(lib_a-nano-reallocr.o)
                              c:/program files (x86)/atollic/truestudio for stm32 9.2.0/armtools/bin/../lib/gcc/arm-atollic-eabi/6.3.1/../../../../arm-atollic-eabi/lib/armv7e-m/fpu/fpv5-d16\libc_nano.a(lib_a-nano-svfprintf.o) (_realloc_r)
[...]
Memory Configuration

Name             Origin             Length             Attributes
RAM              0x20000000         0x00080000         xrw
FLASH            0x08000000         0x00200000         xr
*default*        0x00000000         0xffffffff

Linker script and memory map

LOAD c:/program files (x86)/atollic/truestudio for stm32 9.2.0/armtools/bin/../lib/gcc/arm-atollic-eabi/6.3.1/armv7e-m/fpu/fpv5-d16/crti.o
LOAD c:/program files (x86)/atollic/truestudio for stm32 9.2.0/armtools/bin/../lib/gcc/arm-atollic-eabi/6.3.1/armv7e-m/fpu/fpv5-d16/crtbegin.o
LOAD Drivers\STM32F7xx_HAL_Driver\Src\stm32f7xx_hal.o
LOAD Drivers\STM32F7xx_HAL_Driver\Src\stm32f7xx_hal_cortex.o
LOAD Drivers\STM32F7xx_HAL_Driver\Src\stm32f7xx_hal_dcmi.o
LOAD Drivers\STM32F7xx_HAL_Driver\Src\stm32f7xx_hal_dcmi_ex.o
LOAD Drivers\STM32F7xx_HAL_Driver\Src\stm32f7xx_hal_dma.o
LOAD Drivers\STM32F7xx_HAL_Driver\Src\stm32f7xx_hal_dma_ex.o
LOAD Drivers\STM32F7xx_HAL_Driver\Src\stm32f7xx_hal_flash.o
LOAD Drivers\STM32F7xx_HAL_Driver\Src\stm32f7xx_hal_flash_ex.o
LOAD Drivers\STM32F7xx_HAL_Driver\Src\stm32f7xx_hal_gpio.o
LOAD Drivers\STM32F7xx_HAL_Driver\Src\stm32f7xx_hal_i2c.o
LOAD Drivers\STM32F7xx_HAL_Driver\Src\stm32f7xx_hal_i2c_ex.o
LOAD Drivers\STM32F7xx_HAL_Driver\Src\stm32f7xx_hal_pwr.o
LOAD Drivers\STM32F7xx_HAL_Driver\Src\stm32f7xx_hal_pwr_ex.o
LOAD Drivers\STM32F7xx_HAL_Driver\Src\stm32f7xx_hal_rcc.o
LOAD Drivers\STM32F7xx_HAL_Driver\Src\stm32f7xx_hal_rcc_ex.o
LOAD Drivers\STM32F7xx_HAL_Driver\Src\stm32f7xx_hal_tim.o
LOAD Drivers\STM32F7xx_HAL_Driver\Src\stm32f7xx_hal_tim_ex.o
LOAD Drivers\STM32F7xx_HAL_Driver\Src\stm32f7xx_hal_uart.o
LOAD Src\main.o
LOAD Src\ov2640.o
LOAD Src\stm32f7xx_hal_msp.o
LOAD Src\stm32f7xx_it.o
LOAD Src\system_stm32f7xx.o
LOAD startup\startup_stm32f767xx.o
                0x00000080                malloc_getpagesize_P = 0x80
START GROUP
LOAD c:/program files (x86)/atollic/truestudio for stm32 9.2.0/armtools/bin/../lib/gcc/arm-atollic-eabi/6.3.1/../../../../arm-atollic-eabi/lib/armv7e-m/fpu/fpv5-d16\libc_nano.a
LOAD c:/program files (x86)/atollic/truestudio for stm32 9.2.0/armtools/bin/../lib/gcc/arm-atollic-eabi/6.3.1/../../../../arm-atollic-eabi/lib/armv7e-m/fpu/fpv5-d16\libm.a
END GROUP
START GROUP
LOAD c:/program files (x86)/atollic/truestudio for stm32 9.2.0/armtools/bin/../lib/gcc/arm-atollic-eabi/6.3.1/armv7e-m/fpu/fpv5-d16\libgcc.a
LOAD c:/program files (x86)/atollic/truestudio for stm32 9.2.0/armtools/bin/../lib/gcc/arm-atollic-eabi/6.3.1/../../../../arm-atollic-eabi/lib/armv7e-m/fpu/fpv5-d16\libc_nano.a
END GROUP
START GROUP
LOAD c:/program files (x86)/atollic/truestudio for stm32 9.2.0/armtools/bin/../lib/gcc/arm-atollic-eabi/6.3.1/armv7e-m/fpu/fpv5-d16\libgcc.a
LOAD c:/program files (x86)/atollic/truestudio for stm32 9.2.0/armtools/bin/../lib/gcc/arm-atollic-eabi/6.3.1/../../../../arm-atollic-eabi/lib/armv7e-m/fpu/fpv5-d16\libc_nano.a
LOAD c:/program files (x86)/atollic/truestudio for stm32 9.2.0/armtools/bin/../lib/gcc/arm-atollic-eabi/6.3.1/../../../../arm-atollic-eabi/lib/armv7e-m/fpu/fpv5-d16\libnosys.a
END GROUP
START GROUP
LOAD c:/program files (x86)/atollic/truestudio for stm32 9.2.0/armtools/bin/../lib/gcc/arm-atollic-eabi/6.3.1/armv7e-m/fpu/fpv5-d16\libgcc.a
LOAD c:/program files (x86)/atollic/truestudio for stm32 9.2.0/armtools/bin/../lib/gcc/arm-atollic-eabi/6.3.1/../../../../arm-atollic-eabi/lib/armv7e-m/fpu/fpv5-d16\libc_nano.a
LOAD c:/program files (x86)/atollic/truestudio for stm32 9.2.0/armtools/bin/../lib/gcc/arm-atollic-eabi/6.3.1/../../../../arm-atollic-eabi/lib/armv7e-m/fpu/fpv5-d16\libnosys.a
END GROUP
LOAD c:/program files (x86)/atollic/truestudio for stm32 9.2.0/armtools/bin/../lib/gcc/arm-atollic-eabi/6.3.1/armv7e-m/fpu/fpv5-d16/crtend.o
LOAD c:/program files (x86)/atollic/truestudio for stm32 9.2.0/armtools/bin/../lib/gcc/arm-atollic-eabi/6.3.1/armv7e-m/fpu/fpv5-d16/crtn.o
                0x20080000                _estack = 0x20080000
                0x00000200                _Min_Heap_Size = 0x200
                0x00000400                _Min_Stack_Size = 0x400

.isr_vector     0x08000000      0x1f8
                0x08000000                . = ALIGN (0x4)
 *(.isr_vector)
 .isr_vector    0x08000000      0x1f8 startup\startup_stm32f767xx.o
                0x08000000                g_pfnVectors
                0x080001f8                . = ALIGN (0x4)

.text           0x08000200     0x3c4c
                0x08000200                . = ALIGN (0x4)
 *(.text)
 .text          0x08000200       0x40 c:/program files (x86)/atollic/truestudio for stm32 9.2.0/armtools/bin/../lib/gcc/arm-atollic-eabi/6.3.1/armv7e-m/fpu/fpv5-d16/crtbegin.o
 .text          0x08000240       0x10 c:/program files (x86)/atollic/truestudio for stm32 9.2.0/armtools/bin/../lib/gcc/arm-atollic-eabi/6.3.1/../../../../arm-atollic-eabi/lib/armv7e-m/fpu/fpv5-d16\libc_nano.a(lib_a-strlen.o)
                0x08000240                strlen
 .text          0x08000250       0xa0 c:/program files (x86)/atollic/truestudio for stm32 9.2.0/armtools/bin/../lib/gcc/arm-atollic-eabi/6.3.1/../../../../arm-atollic-eabi/lib/armv7e-m/fpu/fpv5-d16\libc_nano.a(lib_a-memchr.o)
                0x08000250                memchr
 .text          0x080002f0       0x30 c:/program files (x86)/atollic/truestudio for stm32 9.2.0/armtools/bin/../lib/gcc/arm-atollic-eabi/6.3.1/armv7e-m/fpu/fpv5-d16\libgcc.a(_aeabi_uldivmod.o)
                0x080002f0                __aeabi_uldivmod
 .text          0x08000320      0x2dc c:/program files (x86)/atollic/truestudio for stm32 9.2.0/armtools/bin/../lib/gcc/arm-atollic-eabi/6.3.1/armv7e-m/fpu/fpv5-d16\libgcc.a(_udivmoddi4.o)
                0x08000320                __udivmoddi4
 .text          0x080005fc        0x4 c:/program files (x86)/atollic/truestudio for stm32 9.2.0/armtools/bin/../lib/gcc/arm-atollic-eabi/6.3.1/armv7e-m/fpu/fpv5-d16\libgcc.a(_dvmd_tls.o)
                0x080005fc                __aeabi_idiv0
                0x080005fc                __aeabi_ldiv0
 *(.text*)
 .text.HAL_InitTick
                0x08000600       0x48 Drivers\STM32F7xx_HAL_Driver\Src\stm32f7xx_hal.o
                0x08000600                HAL_InitTick
 .text.HAL_Init
                0x08000648       0x16 Drivers\STM32F7xx_HAL_Driver\Src\stm32f7xx_hal.o
                0x08000648                HAL_Init
 *fill*         0x0800065e        0x2 
 .text.HAL_IncTick
                0x08000660       0x18 Drivers\STM32F7xx_HAL_Driver\Src\stm32f7xx_hal.o
                0x08000660                HAL_IncTick
 .text.HAL_GetTick
                0x08000678        0xc Drivers\STM32F7xx_HAL_Driver\Src\stm32f7xx_hal.o
                0x08000678                HAL_GetTick
 .text.HAL_Delay
                0x08000684       0x24 Drivers\STM32F7xx_HAL_Driver\Src\stm32f7xx_hal.o
                0x08000684                HAL_Delay
 .text.HAL_NVIC_SetPriorityGrouping
                0x080006a8       0x24 Drivers\STM32F7xx_HAL_Driver\Src\stm32f7xx_hal_cortex.o
                0x080006a8                HAL_NVIC_SetPriorityGrouping
 .text.HAL_NVIC_SetPriority
                0x080006cc       0x70 Drivers\STM32F7xx_HAL_Driver\Src\stm32f7xx_hal_cortex.o
                0x080006cc                HAL_NVIC_SetPriority
 .text.HAL_NVIC_EnableIRQ
                0x0800073c       0x18 Drivers\STM32F7xx_HAL_Driver\Src\stm32f7xx_hal_cortex.o
                0x0800073c                HAL_NVIC_EnableIRQ
 .text.HAL_SYSTICK_Config
                0x08000754       0x2c Drivers\STM32F7xx_HAL_Driver\Src\stm32f7xx_hal_cortex.o
                0x08000754                HAL_SYSTICK_Config
 .text.DCMI_DMAXferCplt
                0x08000780       0x7c Drivers\STM32F7xx_HAL_Driver\Src\stm32f7xx_hal_dcmi.o
 .text.HAL_DCMI_Init
                0x080007fc       0x8c Drivers\STM32F7xx_HAL_Driver\Src\stm32f7xx_hal_dcmi.o
                0x080007fc                HAL_DCMI_Init
 .text.HAL_DCMI_Start_DMA
                0x08000888       0xbc Drivers\STM32F7xx_HAL_Driver\Src\stm32f7xx_hal_dcmi.o
                0x08000888                HAL_DCMI_Start_DMA
 .text.HAL_DCMI_Stop
                0x08000944       0x78 Drivers\STM32F7xx_HAL_Driver\Src\stm32f7xx_hal_dcmi.o
                0x08000944                HAL_DCMI_Stop
 .text.DCMI_DMAError
                0x080009bc       0x20 Drivers\STM32F7xx_HAL_Driver\Src\stm32f7xx_hal_dcmi.o
 .text.HAL_DCMI_VsyncEventCallback
                0x080009dc        0x2 Drivers\STM32F7xx_HAL_Driver\Src\stm32f7xx_hal_dcmi.o
                0x080009dc                HAL_DCMI_VsyncEventCallback
 *fill*         0x080009de        0x2 
 .text.HAL_DCMI_IRQHandler
                0x080009e0       0x94 Drivers\STM32F7xx_HAL_Driver\Src\stm32f7xx_hal_dcmi.o
                0x080009e0                HAL_DCMI_IRQHandler
 .text.DMA_CalcBaseAndBitshift
                0x08000a74       0x2c Drivers\STM32F7xx_HAL_Driver\Src\stm32f7xx_hal_dma.o
 .text.HAL_DMA_Init
                0x08000aa0       0xfc Drivers\STM32F7xx_HAL_Driver\Src\stm32f7xx_hal_dma.o
                0x08000aa0                HAL_DMA_Init
 .text.HAL_DMA_Start_IT
                0x08000b9c       0x7a Drivers\STM32F7xx_HAL_Driver\Src\stm32f7xx_hal_dma.o
                0x08000b9c                HAL_DMA_Start_IT
 .text.HAL_DMA_Abort
                0x08000c16       0x86 Drivers\STM32F7xx_HAL_Driver\Src\stm32f7xx_hal_dma.o
                0x08000c16                HAL_DMA_Abort
 .text.HAL_DMA_Abort_IT
                0x08000c9c       0x24 Drivers\STM32F7xx_HAL_Driver\Src\stm32f7xx_hal_dma.o
                0x08000c9c                HAL_DMA_Abort_IT
 .text.HAL_DMA_IRQHandler
                0x08000cc0      0x174 Drivers\STM32F7xx_HAL_Driver\Src\stm32f7xx_hal_dma.o
                0x08000cc0                HAL_DMA_IRQHandler
 .text.HAL_DMAEx_MultiBufferStart_IT
                0x08000e34      0x3d8 Drivers\STM32F7xx_HAL_Driver\Src\stm32f7xx_hal_dma_ex.o
                0x08000e34                HAL_DMAEx_MultiBufferStart_IT
 .text.HAL_DMAEx_ChangeMemory
                0x0800120c        0xe Drivers\STM32F7xx_HAL_Driver\Src\stm32f7xx_hal_dma_ex.o
                0x0800120c                HAL_DMAEx_ChangeMemory
 *fill*         0x0800121a        0x2 
 .text.HAL_GPIO_Init
                0x0800121c      0x1d4 Drivers\STM32F7xx_HAL_Driver\Src\stm32f7xx_hal_gpio.o
                0x0800121c                HAL_GPIO_Init
 .text.HAL_GPIO_ReadPin
                0x080013f0        0xc Drivers\STM32F7xx_HAL_Driver\Src\stm32f7xx_hal_gpio.o
                0x080013f0                HAL_GPIO_ReadPin
 .text.HAL_GPIO_WritePin
                0x080013fc        0xa Drivers\STM32F7xx_HAL_Driver\Src\stm32f7xx_hal_gpio.o
                0x080013fc                HAL_GPIO_WritePin
 .text.I2C_Flush_TXDR
                0x08001406       0x1c Drivers\STM32F7xx_HAL_Driver\Src\stm32f7xx_hal_i2c.o
 .text.I2C_TransferConfig
                0x08001422       0x34 Drivers\STM32F7xx_HAL_Driver\Src\stm32f7xx_hal_i2c.o
 .text.I2C_WaitOnFlagUntilTimeout
                0x08001456       0x4e Drivers\STM32F7xx_HAL_Driver\Src\stm32f7xx_hal_i2c.o
 .text.I2C_IsAcknowledgeFailed
                0x080014a4       0x7a Drivers\STM32F7xx_HAL_Driver\Src\stm32f7xx_hal_i2c.o
 .text.I2C_WaitOnRXNEFlagUntilTimeout
                0x0800151e       0x84 Drivers\STM32F7xx_HAL_Driver\Src\stm32f7xx_hal_i2c.o
 .text.I2C_WaitOnTXISFlagUntilTimeout
                0x080015a2       0x52 Drivers\STM32F7xx_HAL_Driver\Src\stm32f7xx_hal_i2c.o
 .text.I2C_WaitOnSTOPFlagUntilTimeout
                0x080015f4       0x4e Drivers\STM32F7xx_HAL_Driver\Src\stm32f7xx_hal_i2c.o
 .text.HAL_I2C_Init
                0x08001642       0xa2 Drivers\STM32F7xx_HAL_Driver\Src\stm32f7xx_hal_i2c.o
                0x08001642                HAL_I2C_Init
 .text.HAL_I2C_Master_Transmit
                0x080016e4      0x130 Drivers\STM32F7xx_HAL_Driver\Src\stm32f7xx_hal_i2c.o
                0x080016e4                HAL_I2C_Master_Transmit
 .text.HAL_I2C_Master_Receive
                0x08001814      0x130 Drivers\STM32F7xx_HAL_Driver\Src\stm32f7xx_hal_i2c.o
                0x08001814                HAL_I2C_Master_Receive
 .text.HAL_I2CEx_ConfigAnalogFilter
                0x08001944       0x4c Drivers\STM32F7xx_HAL_Driver\Src\stm32f7xx_hal_i2c_ex.o
                0x08001944                HAL_I2CEx_ConfigAnalogFilter
 .text.HAL_I2CEx_ConfigDigitalFilter
                0x08001990       0x4a Drivers\STM32F7xx_HAL_Driver\Src\stm32f7xx_hal_i2c_ex.o
                0x08001990                HAL_I2CEx_ConfigDigitalFilter
 *fill*         0x080019da        0x2 
 .text.HAL_PWR_EnableBkUpAccess
                0x080019dc       0x10 Drivers\STM32F7xx_HAL_Driver\Src\stm32f7xx_hal_pwr.o
                0x080019dc                HAL_PWR_EnableBkUpAccess
 .text.HAL_PWREx_EnableOverDrive
                0x080019ec       0x70 Drivers\STM32F7xx_HAL_Driver\Src\stm32f7xx_hal_pwr_ex.o
                0x080019ec                HAL_PWREx_EnableOverDrive
 .text.HAL_RCC_OscConfig
                0x08001a5c      0x328 Drivers\STM32F7xx_HAL_Driver\Src\stm32f7xx_hal_rcc.o
                0x08001a5c                HAL_RCC_OscConfig
 .text.HAL_RCC_MCOConfig
                0x08001d84       0x90 Drivers\STM32F7xx_HAL_Driver\Src\stm32f7xx_hal_rcc.o
                0x08001d84                HAL_RCC_MCOConfig
 .text.HAL_RCC_GetSysClockFreq
                0x08001e14       0x5c Drivers\STM32F7xx_HAL_Driver\Src\stm32f7xx_hal_rcc.o
                0x08001e14                HAL_RCC_GetSysClockFreq
 .text.HAL_RCC_ClockConfig
                0x08001e70      0x13c Drivers\STM32F7xx_HAL_Driver\Src\stm32f7xx_hal_rcc.o
                0x08001e70                HAL_RCC_ClockConfig
 .text.HAL_RCC_GetPCLK1Freq
                0x08001fac       0x20 Drivers\STM32F7xx_HAL_Driver\Src\stm32f7xx_hal_rcc.o
                0x08001fac                HAL_RCC_GetPCLK1Freq
 .text.HAL_RCC_GetPCLK2Freq
                0x08001fcc       0x20 Drivers\STM32F7xx_HAL_Driver\Src\stm32f7xx_hal_rcc.o
                0x08001fcc                HAL_RCC_GetPCLK2Freq
 .text.HAL_RCCEx_PeriphCLKConfig
                0x08001fec      0x55c Drivers\STM32F7xx_HAL_Driver\Src\stm32f7xx_hal_rcc_ex.o
                0x08001fec                HAL_RCCEx_PeriphCLKConfig
 .text.UART_EndRxTransfer
                0x08002548       0x1a Drivers\STM32F7xx_HAL_Driver\Src\stm32f7xx_hal_uart.o
 .text.UART_WaitOnFlagUntilTimeout
                0x08002562       0x62 Drivers\STM32F7xx_HAL_Driver\Src\stm32f7xx_hal_uart.o
                0x08002562                UART_WaitOnFlagUntilTimeout
 .text.HAL_UART_Transmit
                0x080025c4       0xb2 Drivers\STM32F7xx_HAL_Driver\Src\stm32f7xx_hal_uart.o
                0x080025c4                HAL_UART_Transmit
 .text.HAL_UART_TxCpltCallback
                0x08002676        0x2 Drivers\STM32F7xx_HAL_Driver\Src\stm32f7xx_hal_uart.o
                0x08002676                HAL_UART_TxCpltCallback
 .text.HAL_UART_RxCpltCallback
                0x08002678        0x2 Drivers\STM32F7xx_HAL_Driver\Src\stm32f7xx_hal_uart.o
                0x08002678                HAL_UART_RxCpltCallback
 .text.UART_Receive_IT
                0x0800267a       0x6e Drivers\STM32F7xx_HAL_Driver\Src\stm32f7xx_hal_uart.o
 .text.HAL_UART_ErrorCallback
                0x080026e8        0x2 Drivers\STM32F7xx_HAL_Driver\Src\stm32f7xx_hal_uart.o
                0x080026e8                HAL_UART_ErrorCallback
 *fill*         0x080026ea        0x2 
 .text.HAL_UART_IRQHandler
                0x080026ec      0x15c Drivers\STM32F7xx_HAL_Driver\Src\stm32f7xx_hal_uart.o
                0x080026ec                HAL_UART_IRQHandler
 .text.UART_DMAAbortOnError
                0x08002848       0x14 Drivers\STM32F7xx_HAL_Driver\Src\stm32f7xx_hal_uart.o
 .text.UART_SetConfig
                0x0800285c      0x290 Drivers\STM32F7xx_HAL_Driver\Src\stm32f7xx_hal_uart.o
                0x0800285c                UART_SetConfig
 .text.UART_AdvFeatureConfig
                0x08002aec       0xaa Drivers\STM32F7xx_HAL_Driver\Src\stm32f7xx_hal_uart.o
                0x08002aec                UART_AdvFeatureConfig
 .text.UART_CheckIdleState
                0x08002b96       0x44 Drivers\STM32F7xx_HAL_Driver\Src\stm32f7xx_hal_uart.o
                0x08002b96                UART_CheckIdleState
 .text.HAL_UART_Init
                0x08002bda       0x64 Drivers\STM32F7xx_HAL_Driver\Src\stm32f7xx_hal_uart.o
                0x08002bda                HAL_UART_Init
 *fill*         0x08002c3e        0x2 
 .text.vprint   0x08002c40       0x30 Src\main.o
                0x08002c40                vprint
 .text.my_printf
                0x08002c70       0x1a Src\main.o
                0x08002c70                my_printf
 *fill*         0x08002c8a        0x2 
 .text.SystemClock_Config
                0x08002c8c       0xc8 Src\main.o
                0x08002c8c                SystemClock_Config
 .text.startup.main
                0x08002d54      0x2a8 Src\main.o
                0x08002d54                main
 .text.HAL_DCMI_FrameEventCallback
                0x08002ffc       0x20 Src\main.o
                0x08002ffc                HAL_DCMI_FrameEventCallback
 .text.HAL_DCMI_LineEventCallback
                0x0800301c        0x2 Src\main.o
                0x0800301c                HAL_DCMI_LineEventCallback
 *fill*         0x0800301e        0x2 
 .text.HAL_DCMI_ErrorCallback
                0x08003020        0xc Src\main.o
                0x08003020                HAL_DCMI_ErrorCallback
 .text.Error_Handler
                0x0800302c        0x2 Src\main.o
                0x0800302c                Error_Handler
 *fill*         0x0800302e        0x2 
 .text.sccb_write
                0x08003030       0x2c Src\ov2640.o
                0x08003030                sccb_write
 .text.sccb_read
                0x0800305c       0x3c Src\ov2640.o
                0x0800305c                sccb_read
 .text.load_config
                0x08003098       0x44 Src\ov2640.o
                0x08003098                load_config
 .text.ov2640_conf
                0x080030dc       0x68 Src\ov2640.o
                0x080030dc                ov2640_conf
 .text.ov2640_stop_dcmi
                0x08003144       0x18 Src\ov2640.o
                0x08003144                ov2640_stop_dcmi
 .text.ov2640_init
                0x0800315c       0x58 Src\ov2640.o
                0x0800315c                ov2640_init
 .text.ov2640_capture_snapshot
                0x080031b4       0x20 Src\ov2640.o
                0x080031b4                ov2640_capture_snapshot
 .text.HAL_MspInit
                0x080031d4       0x30 Src\stm32f7xx_hal_msp.o
                0x080031d4                HAL_MspInit
 .text.HAL_DCMI_MspInit
                0x08003204      0x174 Src\stm32f7xx_hal_msp.o
                0x08003204                HAL_DCMI_MspInit
 .text.HAL_I2C_MspInit
                0x08003378       0x6c Src\stm32f7xx_hal_msp.o
                0x08003378                HAL_I2C_MspInit
 .text.HAL_UART_MspInit
                0x080033e4       0xc0 Src\stm32f7xx_hal_msp.o
                0x080033e4                HAL_UART_MspInit
 .text.NMI_Handler
                0x080034a4        0x2 Src\stm32f7xx_it.o
                0x080034a4                NMI_Handler
 .text.HardFault_Handler
                0x080034a6        0x2 Src\stm32f7xx_it.o
                0x080034a6                HardFault_Handler
 .text.MemManage_Handler
                0x080034a8        0x2 Src\stm32f7xx_it.o
                0x080034a8                MemManage_Handler
 .text.BusFault_Handler
                0x080034aa        0x2 Src\stm32f7xx_it.o
                0x080034aa                BusFault_Handler
 .text.UsageFault_Handler
                0x080034ac        0x2 Src\stm32f7xx_it.o
                0x080034ac                UsageFault_Handler
 .text.SVC_Handler
                0x080034ae        0x2 Src\stm32f7xx_it.o
                0x080034ae                SVC_Handler
 .text.DebugMon_Handler
                0x080034b0        0x2 Src\stm32f7xx_it.o
                0x080034b0                DebugMon_Handler
 .text.PendSV_Handler
                0x080034b2        0x2 Src\stm32f7xx_it.o
                0x080034b2                PendSV_Handler
 .text.SysTick_Handler
                0x080034b4        0x4 Src\stm32f7xx_it.o
                0x080034b4                SysTick_Handler
 .text.DMA1_Stream3_IRQHandler
                0x080034b8        0xc Src\stm32f7xx_it.o
                0x080034b8                DMA1_Stream3_IRQHandler
 .text.USART3_IRQHandler
                0x080034c4        0xc Src\stm32f7xx_it.o
                0x080034c4                USART3_IRQHandler
 .text.DMA2_Stream1_IRQHandler
                0x080034d0        0xc Src\stm32f7xx_it.o
                0x080034d0                DMA2_Stream1_IRQHandler
 .text.DCMI_IRQHandler
                0x080034dc        0xc Src\stm32f7xx_it.o
                0x080034dc                DCMI_IRQHandler
 .text.SystemInit
                0x080034e8       0x4c Src\system_stm32f7xx.o
                0x080034e8                SystemInit
 .text.Reset_Handler
                0x08003534       0x50 startup\startup_stm32f767xx.o
                0x08003534                Reset_Handler
 .text.Default_Handler
                0x08003584        0x2 startup\startup_stm32f767xx.o
                0x08003584                RTC_Alarm_IRQHandler
                0x08003584                EXTI2_IRQHandler
                0x08003584                TIM8_CC_IRQHandler
                0x08003584                UART8_IRQHandler
                0x08003584                SPI4_IRQHandler
                0x08003584                TIM1_CC_IRQHandler
                0x08003584                DMA2_Stream5_IRQHandler
                0x08003584                JPEG_IRQHandler
                0x08003584                DMA1_Stream5_IRQHandler
                0x08003584                CAN3_RX1_IRQHandler
                0x08003584                PVD_IRQHandler
                0x08003584                TAMP_STAMP_IRQHandler
                0x08003584                CAN2_RX1_IRQHandler
                0x08003584                EXTI3_IRQHandler
                0x08003584                TIM8_TRG_COM_TIM14_IRQHandler
                0x08003584                DFSDM1_FLT1_IRQHandler
                0x08003584                TIM1_UP_TIM10_IRQHandler
                0x08003584                TIM8_UP_TIM13_IRQHandler
                0x08003584                I2C3_ER_IRQHandler
                0x08003584                DFSDM1_FLT2_IRQHandler
                0x08003584                EXTI0_IRQHandler
                0x08003584                I2C2_EV_IRQHandler
                0x08003584                DMA1_Stream2_IRQHandler
                0x08003584                CAN1_RX0_IRQHandler
                0x08003584                FPU_IRQHandler
                0x08003584                OTG_HS_WKUP_IRQHandler
                0x08003584                CAN3_SCE_IRQHandler
                0x08003584                LTDC_ER_IRQHandler
                0x08003584                CAN2_SCE_IRQHandler
                0x08003584                DMA2_Stream2_IRQHandler
                0x08003584                SPI1_IRQHandler
                0x08003584                TIM6_DAC_IRQHandler
                0x08003584                TIM1_BRK_TIM9_IRQHandler
                0x08003584                CAN2_RX0_IRQHandler
                0x08003584                DMA2_Stream3_IRQHandler
                0x08003584                SAI2_IRQHandler
                0x08003584                DFSDM1_FLT3_IRQHandler
                0x08003584                USART6_IRQHandler
                0x08003584                CAN3_RX0_IRQHandler
                0x08003584                CAN1_RX1_IRQHandler
                0x08003584                UART5_IRQHandler
                0x08003584                DMA2_Stream0_IRQHandler
                0x08003584                TIM4_IRQHandler
                0x08003584                QUADSPI_IRQHandler
                0x08003584                I2C1_EV_IRQHandler
                0x08003584                DMA1_Stream6_IRQHandler
                0x08003584                DMA1_Stream1_IRQHandler
                0x08003584                UART4_IRQHandler
                0x08003584                TIM3_IRQHandler
                0x08003584                RCC_IRQHandler
                0x08003584                TIM8_BRK_TIM12_IRQHandler
                0x08003584                Default_Handler
                0x08003584                CEC_IRQHandler
                0x08003584                EXTI15_10_IRQHandler
                0x08003584                ADC_IRQHandler
                0x08003584                DMA1_Stream7_IRQHandler
                0x08003584                SPI5_IRQHandler
                0x08003584                TIM7_IRQHandler
                0x08003584                SDMMC1_IRQHandler
                0x08003584                CAN2_TX_IRQHandler
                0x08003584                TIM5_IRQHandler
                0x08003584                DMA2_Stream7_IRQHandler
                0x08003584                I2C3_EV_IRQHandler
                0x08003584                EXTI9_5_IRQHandler
                0x08003584                RTC_WKUP_IRQHandler
                0x08003584                LTDC_IRQHandler
                0x08003584                ETH_WKUP_IRQHandler
                0x08003584                SPDIF_RX_IRQHandler
                0x08003584                SPI2_IRQHandler
                0x08003584                OTG_HS_EP1_IN_IRQHandler
                0x08003584                DMA1_Stream0_IRQHandler
                0x08003584                CAN1_TX_IRQHandler
                0x08003584                EXTI4_IRQHandler
                0x08003584                RNG_IRQHandler
                0x08003584                ETH_IRQHandler
                0x08003584                OTG_HS_EP1_OUT_IRQHandler
                0x08003584                WWDG_IRQHandler
                0x08003584                SPI6_IRQHandler
                0x08003584                MDIOS_IRQHandler
                0x08003584                I2C4_EV_IRQHandler
                0x08003584                CAN3_TX_IRQHandler
                0x08003584                TIM2_IRQHandler
                0x08003584                OTG_FS_WKUP_IRQHandler
                0x08003584                TIM1_TRG_COM_TIM11_IRQHandler
                0x08003584                OTG_HS_IRQHandler
                0x08003584                DMA2D_IRQHandler
                0x08003584                EXTI1_IRQHandler
                0x08003584                SDMMC2_IRQHandler
                0x08003584                UART7_IRQHandler
                0x08003584                USART2_IRQHandler
                0x08003584                DFSDM1_FLT0_IRQHandler
                0x08003584                I2C2_ER_IRQHandler
                0x08003584                CAN1_SCE_IRQHandler
                0x08003584                FLASH_IRQHandler
                0x08003584                DMA2_Stream4_IRQHandler
                0x08003584                USART1_IRQHandler
                0x08003584                OTG_FS_IRQHandler
                0x08003584                SPI3_IRQHandler
                0x08003584                DMA1_Stream4_IRQHandler
                0x08003584                I2C1_ER_IRQHandler
                0x08003584                FMC_IRQHandler
                0x08003584                LPTIM1_IRQHandler
                0x08003584                I2C4_ER_IRQHandler
                0x08003584                DMA2_Stream6_IRQHandler
                0x08003584                SAI1_IRQHandler
 *fill*         0x08003586        0x2 
 .text.__libc_init_array
                0x08003588       0x48 c:/program files (x86)/atollic/truestudio for stm32 9.2.0/armtools/bin/../lib/gcc/arm-atollic-eabi/6.3.1/../../../../arm-atollic-eabi/lib/armv7e-m/fpu/fpv5-d16\libc_nano.a(lib_a-init.o)
                0x08003588                __libc_init_array
 .text.memset   0x080035d0       0x10 c:/program files (x86)/atollic/truestudio for stm32 9.2.0/armtools/bin/../lib/gcc/arm-atollic-eabi/6.3.1/../../../../arm-atollic-eabi/lib/armv7e-m/fpu/fpv5-d16\libc_nano.a(lib_a-memset.o)
                0x080035d0                memset
 .text._vsprintf_r
                0x080035e0       0x30 c:/program files (x86)/atollic/truestudio for stm32 9.2.0/armtools/bin/../lib/gcc/arm-atollic-eabi/6.3.1/../../../../arm-atollic-eabi/lib/armv7e-m/fpu/fpv5-d16\libc_nano.a(lib_a-vsprintf.o)
                0x080035e0                _vsprintf_r
                0x080035e0                _vsiprintf_r
 .text.vsprintf
                0x08003610       0x14 c:/program files (x86)/atollic/truestudio for stm32 9.2.0/armtools/bin/../lib/gcc/arm-atollic-eabi/6.3.1/../../../../arm-atollic-eabi/lib/armv7e-m/fpu/fpv5-d16\libc_nano.a(lib_a-vsprintf.o)
                0x08003610                vsiprintf
                0x08003610                vsprintf
 .text.__ssputs_r
                0x08003624       0xb6 c:/program files (x86)/atollic/truestudio for stm32 9.2.0/armtools/bin/../lib/gcc/arm-atollic-eabi/6.3.1/../../../../arm-atollic-eabi/lib/armv7e-m/fpu/fpv5-d16\libc_nano.a(lib_a-nano-svfprintf.o)
                0x08003624                __ssputs_r
 *fill*         0x080036da        0x2 
 .text._svfprintf_r
                0x080036dc      0x1e8 c:/program files (x86)/atollic/truestudio for stm32 9.2.0/armtools/bin/../lib/gcc/arm-atollic-eabi/6.3.1/../../../../arm-atollic-eabi/lib/armv7e-m/fpu/fpv5-d16\libc_nano.a(lib_a-nano-svfprintf.o)
                0x080036dc                _svfiprintf_r
                0x080036dc                _svfprintf_r
 .text._printf_common
                0x080038c4       0xec c:/program files (x86)/atollic/truestudio for stm32 9.2.0/armtools/bin/../lib/gcc/arm-atollic-eabi/6.3.1/../../../../arm-atollic-eabi/lib/armv7e-m/fpu/fpv5-d16\libc_nano.a(lib_a-nano-vfprintf_i.o)
                0x080038c4                _printf_common
 .text._printf_i
                0x080039b0      0x240 c:/program files (x86)/atollic/truestudio for stm32 9.2.0/armtools/bin/../lib/gcc/arm-atollic-eabi/6.3.1/../../../../arm-atollic-eabi/lib/armv7e-m/fpu/fpv5-d16\libc_nano.a(lib_a-nano-vfprintf_i.o)
                0x080039b0                _printf_i
 .text.memcpy   0x08003bf0       0x16 c:/program files (x86)/atollic/truestudio for stm32 9.2.0/armtools/bin/../lib/gcc/arm-atollic-eabi/6.3.1/../../../../arm-atollic-eabi/lib/armv7e-m/fpu/fpv5-d16\libc_nano.a(lib_a-memcpy-stub.o)
                0x08003bf0                memcpy
 .text.memmove  0x08003c06       0x34 c:/program files (x86)/atollic/truestudio for stm32 9.2.0/armtools/bin/../lib/gcc/arm-atollic-eabi/6.3.1/../../../../arm-atollic-eabi/lib/armv7e-m/fpu/fpv5-d16\libc_nano.a(lib_a-memmove.o)
                0x08003c06                memmove
 *fill*         0x08003c3a        0x2 
 .text._free_r  0x08003c3c       0x9c c:/program files (x86)/atollic/truestudio for stm32 9.2.0/armtools/bin/../lib/gcc/arm-atollic-eabi/6.3.1/../../../../arm-atollic-eabi/lib/armv7e-m/fpu/fpv5-d16\libc_nano.a(lib_a-nano-freer.o)
                0x08003c3c                _free_r
 .text._malloc_r
                0x08003cd8       0xbc c:/program files (x86)/atollic/truestudio for stm32 9.2.0/armtools/bin/../lib/gcc/arm-atollic-eabi/6.3.1/../../../../arm-atollic-eabi/lib/armv7e-m/fpu/fpv5-d16\libc_nano.a(lib_a-nano-mallocr.o)
                0x08003cd8                _malloc_r
 .text._realloc_r
                0x08003d94       0x4c c:/program files (x86)/atollic/truestudio for stm32 9.2.0/armtools/bin/../lib/gcc/arm-atollic-eabi/6.3.1/../../../../arm-atollic-eabi/lib/armv7e-m/fpu/fpv5-d16\libc_nano.a(lib_a-nano-reallocr.o)
                0x08003d94                _realloc_r
 .text._sbrk_r  0x08003de0       0x20 c:/program files (x86)/atollic/truestudio for stm32 9.2.0/armtools/bin/../lib/gcc/arm-atollic-eabi/6.3.1/../../../../arm-atollic-eabi/lib/armv7e-m/fpu/fpv5-d16\libc_nano.a(lib_a-sbrkr.o)
                0x08003de0                _sbrk_r
 .text.__malloc_lock
                0x08003e00        0x2 c:/program files (x86)/atollic/truestudio for stm32 9.2.0/armtools/bin/../lib/gcc/arm-atollic-eabi/6.3.1/../../../../arm-atollic-eabi/lib/armv7e-m/fpu/fpv5-d16\libc_nano.a(lib_a-mlock.o)
                0x08003e00                __malloc_lock
 .text.__malloc_unlock
                0x08003e02        0x2 c:/program files (x86)/atollic/truestudio for stm32 9.2.0/armtools/bin/../lib/gcc/arm-atollic-eabi/6.3.1/../../../../arm-atollic-eabi/lib/armv7e-m/fpu/fpv5-d16\libc_nano.a(lib_a-mlock.o)
                0x08003e02                __malloc_unlock
 .text._malloc_usable_size_r
                0x08003e04       0x12 c:/program files (x86)/atollic/truestudio for stm32 9.2.0/armtools/bin/../lib/gcc/arm-atollic-eabi/6.3.1/../../../../arm-atollic-eabi/lib/armv7e-m/fpu/fpv5-d16\libc_nano.a(lib_a-nano-msizer.o)
                0x08003e04                _malloc_usable_size_r
 *fill*         0x08003e16        0x2 
 .text._sbrk    0x08003e18       0x1c c:/program files (x86)/atollic/truestudio for stm32 9.2.0/armtools/bin/../lib/gcc/arm-atollic-eabi/6.3.1/../../../../arm-atollic-eabi/lib/armv7e-m/fpu/fpv5-d16\libnosys.a(sbrk.o)
                0x08003e18                _sbrk
 *(.glue_7)
 .glue_7        0x08003e34        0x0 linker stubs
 *(.glue_7t)
 .glue_7t       0x08003e34        0x0 linker stubs
 *(.eh_frame)
 .eh_frame      0x08003e34        0x0 c:/program files (x86)/atollic/truestudio for stm32 9.2.0/armtools/bin/../lib/gcc/arm-atollic-eabi/6.3.1/armv7e-m/fpu/fpv5-d16/crtbegin.o
 *(.init)
 .init          0x08003e34        0x4 c:/program files (x86)/atollic/truestudio for stm32 9.2.0/armtools/bin/../lib/gcc/arm-atollic-eabi/6.3.1/armv7e-m/fpu/fpv5-d16/crti.o
                0x08003e34                _init
 .init          0x08003e38        0x8 c:/program files (x86)/atollic/truestudio for stm32 9.2.0/armtools/bin/../lib/gcc/arm-atollic-eabi/6.3.1/armv7e-m/fpu/fpv5-d16/crtn.o
 *(.fini)
 .fini          0x08003e40        0x4 c:/program files (x86)/atollic/truestudio for stm32 9.2.0/armtools/bin/../lib/gcc/arm-atollic-eabi/6.3.1/armv7e-m/fpu/fpv5-d16/crti.o
                0x08003e40                _fini
 .fini          0x08003e44        0x8 c:/program files (x86)/atollic/truestudio for stm32 9.2.0/armtools/bin/../lib/gcc/arm-atollic-eabi/6.3.1/armv7e-m/fpu/fpv5-d16/crtn.o
                0x08003e4c                . = ALIGN (0x4)
                0x08003e4c                _etext = .

.vfp11_veneer   0x08003e4c        0x0
 .vfp11_veneer  0x08003e4c        0x0 linker stubs

.v4_bx          0x08003e4c        0x0
 .v4_bx         0x08003e4c        0x0 linker stubs

.iplt           0x08003e4c        0x0
 .iplt          0x08003e4c        0x0 c:/program files (x86)/atollic/truestudio for stm32 9.2.0/armtools/bin/../lib/gcc/arm-atollic-eabi/6.3.1/armv7e-m/fpu/fpv5-d16/crtbegin.o

.rodata         0x08003e4c      0x2f4
                0x08003e4c                . = ALIGN (0x4)
 *(.rodata)
 *(.rodata*)
 .rodata.flagBitshiftOffset.9197
                0x08003e4c        0x8 Drivers\STM32F7xx_HAL_Driver\Src\stm32f7xx_hal_dma.o
 .rodata.CSWTCH.38
                0x08003e54        0x4 Drivers\STM32F7xx_HAL_Driver\Src\stm32f7xx_hal_uart.o
 .rodata.CSWTCH.39
                0x08003e58        0xd Drivers\STM32F7xx_HAL_Driver\Src\stm32f7xx_hal_uart.o
 .rodata.HAL_DCMI_ErrorCallback.str1.1
                0x08003e65       0x1d Src\main.o
 .rodata.HAL_DCMI_FrameEventCallback.str1.1
                0x08003e82       0x19 Src\main.o
 .rodata.OV2640_160x120_JPEG
                0x08003e9b       0x12 Src\ov2640.o
                0x08003e9b                OV2640_160x120_JPEG
 .rodata.OV2640_320x240_JPEG
                0x08003ead       0x50 Src\ov2640.o
                0x08003ead                OV2640_320x240_JPEG
 .rodata.OV2640_640x480_JPEG
                0x08003efd       0x52 Src\ov2640.o
                0x08003efd                OV2640_640x480_JPEG
 .rodata.OV2640_JPEG
                0x08003f4f       0x12 Src\ov2640.o
                0x08003f4f                OV2640_JPEG
 .rodata.OV2640_JPEG_INIT
                0x08003f61      0x17e Src\ov2640.o
                0x08003f61                OV2640_JPEG_INIT
 .rodata.OV2640_YUV422
                0x080040df       0x14 Src\ov2640.o
                0x080040df                OV2640_YUV422
 .rodata.AHBPrescTable
                0x080040f3       0x10 Src\system_stm32f7xx.o
                0x080040f3                AHBPrescTable
 .rodata.APBPrescTable
                0x08004103        0x8 Src\system_stm32f7xx.o
                0x08004103                APBPrescTable
 .rodata._svfprintf_r.str1.1
                0x0800410b       0x11 c:/program files (x86)/atollic/truestudio for stm32 9.2.0/armtools/bin/../lib/gcc/arm-atollic-eabi/6.3.1/../../../../arm-atollic-eabi/lib/armv7e-m/fpu/fpv5-d16\libc_nano.a(lib_a-nano-svfprintf.o)
 .rodata._printf_i.str1.1
                0x0800411c       0x22 c:/program files (x86)/atollic/truestudio for stm32 9.2.0/armtools/bin/../lib/gcc/arm-atollic-eabi/6.3.1/../../../../arm-atollic-eabi/lib/armv7e-m/fpu/fpv5-d16\libc_nano.a(lib_a-nano-vfprintf_i.o)
                0x08004140                . = ALIGN (0x4)
 *fill*         0x0800413e        0x2 

.ARM.extab
 *(.ARM.extab* .gnu.linkonce.armextab.*)

.ARM            0x08004140        0x8
                0x08004140                __exidx_start = .
 *(.ARM.exidx*)
 .ARM.exidx     0x08004140        0x8 c:/program files (x86)/atollic/truestudio for stm32 9.2.0/armtools/bin/../lib/gcc/arm-atollic-eabi/6.3.1/armv7e-m/fpu/fpv5-d16\libgcc.a(_udivmoddi4.o)
                0x08004148                __exidx_end = .

.rel.dyn        0x08004148        0x0
 .rel.iplt      0x08004148        0x0 c:/program files (x86)/atollic/truestudio for stm32 9.2.0/armtools/bin/../lib/gcc/arm-atollic-eabi/6.3.1/armv7e-m/fpu/fpv5-d16/crtbegin.o

.preinit_array  0x08004148        0x0
                0x08004148                PROVIDE (__preinit_array_start, .)
 *(.preinit_array*)
                0x08004148                PROVIDE (__preinit_array_end, .)

.init_array     0x08004148        0x4
                0x08004148                PROVIDE (__init_array_start, .)
 *(SORT(.init_array.*))
 *(.init_array*)
 .init_array    0x08004148        0x4 c:/program files (x86)/atollic/truestudio for stm32 9.2.0/armtools/bin/../lib/gcc/arm-atollic-eabi/6.3.1/armv7e-m/fpu/fpv5-d16/crtbegin.o
                0x0800414c                PROVIDE (__init_array_end, .)

.fini_array     0x0800414c        0x4
                [!provide]                PROVIDE (__fini_array_start, .)
 *(SORT(.fini_array.*))
 *(.fini_array*)
 .fini_array    0x0800414c        0x4 c:/program files (x86)/atollic/truestudio for stm32 9.2.0/armtools/bin/../lib/gcc/arm-atollic-eabi/6.3.1/armv7e-m/fpu/fpv5-d16/crtbegin.o
                [!provide]                PROVIDE (__fini_array_end, .)
                0x08004150                _sidata = LOADADDR (.data)

.data           0x20000000       0x70 load address 0x08004150
                0x20000000                . = ALIGN (0x4)
                0x20000000                _sdata = .
 *(.data)
 *(.data*)
 .data.uwTickFreq
                0x20000000        0x1 Drivers\STM32F7xx_HAL_Driver\Src\stm32f7xx_hal.o
                0x20000000                uwTickFreq
 *fill*         0x20000001        0x3 
 .data.uwTickPrio
                0x20000004        0x4 Drivers\STM32F7xx_HAL_Driver\Src\stm32f7xx_hal.o
                0x20000004                uwTickPrio
 .data.SystemCoreClock
                0x20000008        0x4 Src\system_stm32f7xx.o
                0x20000008                SystemCoreClock
 .data._impure_ptr
                0x2000000c        0x4 c:/program files (x86)/atollic/truestudio for stm32 9.2.0/armtools/bin/../lib/gcc/arm-atollic-eabi/6.3.1/../../../../arm-atollic-eabi/lib/armv7e-m/fpu/fpv5-d16\libc_nano.a(lib_a-impure.o)
                0x2000000c                _impure_ptr
 .data.impure_data
                0x20000010       0x60 c:/program files (x86)/atollic/truestudio for stm32 9.2.0/armtools/bin/../lib/gcc/arm-atollic-eabi/6.3.1/../../../../arm-atollic-eabi/lib/armv7e-m/fpu/fpv5-d16\libc_nano.a(lib_a-impure.o)
                0x20000070                . = ALIGN (0x4)
                0x20000070                _edata = .

.igot.plt       0x20000070        0x0 load address 0x080041c0
 .igot.plt      0x20000070        0x0 c:/program files (x86)/atollic/truestudio for stm32 9.2.0/armtools/bin/../lib/gcc/arm-atollic-eabi/6.3.1/armv7e-m/fpu/fpv5-d16/crtbegin.o
                0x20000070                . = ALIGN (0x4)

.bss            0x20000070    0x25a68 load address 0x080041c0
                0x20000070                _sbss = .
                0x20000070                __bss_start__ = _sbss
 *(.bss)
 .bss           0x20000070       0x1c c:/program files (x86)/atollic/truestudio for stm32 9.2.0/armtools/bin/../lib/gcc/arm-atollic-eabi/6.3.1/armv7e-m/fpu/fpv5-d16/crtbegin.o
 *(.bss*)
 .bss.framebuf  0x2000008c    0x25800 Src\main.o
                0x2000008c                framebuf
 .bss.__malloc_free_list
                0x2002588c        0x4 c:/program files (x86)/atollic/truestudio for stm32 9.2.0/armtools/bin/../lib/gcc/arm-atollic-eabi/6.3.1/../../../../arm-atollic-eabi/lib/armv7e-m/fpu/fpv5-d16\libc_nano.a(lib_a-nano-mallocr.o)
                0x2002588c                __malloc_free_list
 .bss.__malloc_sbrk_start
                0x20025890        0x4 c:/program files (x86)/atollic/truestudio for stm32 9.2.0/armtools/bin/../lib/gcc/arm-atollic-eabi/6.3.1/../../../../arm-atollic-eabi/lib/armv7e-m/fpu/fpv5-d16\libc_nano.a(lib_a-nano-mallocr.o)
                0x20025890                __malloc_sbrk_start
 .bss.heap_end.5239
                0x20025894        0x4 c:/program files (x86)/atollic/truestudio for stm32 9.2.0/armtools/bin/../lib/gcc/arm-atollic-eabi/6.3.1/../../../../arm-atollic-eabi/lib/armv7e-m/fpu/fpv5-d16\libnosys.a(sbrk.o)
 *(COMMON)
 COMMON         0x20025898        0x4 Drivers\STM32F7xx_HAL_Driver\Src\stm32f7xx_hal.o
                0x20025898                uwTick
 COMMON         0x2002589c      0x22c Src\main.o
                0x2002589c                hdma_memtomem_dma2_stream0
                0x200258fc                huart3
                0x2002596c                hi2c1
                0x200259b8                hdma_dcmi
                0x20025a18                hdma_usart3_tx
                0x20025a78                hdcmi
 COMMON         0x20025ac8        0xc Src\ov2640.o
                0x20025ac8                phdcmi
                0x20025acc                phuart
                0x20025ad0                phi2c
 COMMON         0x20025ad4        0x4 c:/program files (x86)/atollic/truestudio for stm32 9.2.0/armtools/bin/../lib/gcc/arm-atollic-eabi/6.3.1/../../../../arm-atollic-eabi/lib/armv7e-m/fpu/fpv5-d16\libc_nano.a(lib_a-reent.o)
                0x20025ad4                errno
                0x20025ad8                . = ALIGN (0x4)
                0x20025ad8                _ebss = .
                0x20025ad8                __bss_end__ = _ebss

._user_heap_stack
                0x20025ad8      0x600 load address 0x080041c0
                0x20025ad8                . = ALIGN (0x4)
                0x20025ad8                PROVIDE (end, .)
                [!provide]                PROVIDE (_end, .)
                0x20025cd8                . = (. + _Min_Heap_Size)
 *fill*         0x20025ad8      0x200 
                0x200260d8                . = (. + _Min_Stack_Size)
 *fill*         0x20025cd8      0x400 
                0x200260d8                . = ALIGN (0x4)

/DISCARD/
 libc.a(*)
 libm.a(*)
 libgcc.a(*)

.ARM.attributes
                0x00000000       0x2e
 *(.ARM.attributes)
 .ARM.attributes
                0x00000000       0x20 c:/program files (x86)/atollic/truestudio for stm32 9.2.0/armtools/bin/../lib/gcc/arm-atollic-eabi/6.3.1/armv7e-m/fpu/fpv5-d16/crti.o
 .ARM.attributes
                0x00000020       0x32 c:/program files (x86)/atollic/truestudio for stm32 9.2.0/armtools/bin/../lib/gcc/arm-atollic-eabi/6.3.1/armv7e-m/fpu/fpv5-d16/crtbegin.o
 .ARM.attributes
                0x00000052       0x37 Drivers\STM32F7xx_HAL_Driver\Src\stm32f7xx_hal.o
 .ARM.attributes
                0x00000089       0x37 Drivers\STM32F7xx_HAL_Driver\Src\stm32f7xx_hal_cortex.o
 .ARM.attributes
                0x000000c0       0x37 Drivers\STM32F7xx_HAL_Driver\Src\stm32f7xx_hal_dcmi.o
 .ARM.attributes
                0x000000f7       0x37 Drivers\STM32F7xx_HAL_Driver\Src\stm32f7xx_hal_dma.o
 .ARM.attributes
                0x0000012e       0x37 Drivers\STM32F7xx_HAL_Driver\Src\stm32f7xx_hal_dma_ex.o
 .ARM.attributes
                0x00000165       0x37 Drivers\STM32F7xx_HAL_Driver\Src\stm32f7xx_hal_gpio.o
 .ARM.attributes
                0x0000019c       0x37 Drivers\STM32F7xx_HAL_Driver\Src\stm32f7xx_hal_i2c.o
 .ARM.attributes
                0x000001d3       0x37 Drivers\STM32F7xx_HAL_Driver\Src\stm32f7xx_hal_i2c_ex.o
 .ARM.attributes
                0x0000020a       0x37 Drivers\STM32F7xx_HAL_Driver\Src\stm32f7xx_hal_pwr.o
 .ARM.attributes
                0x00000241       0x37 Drivers\STM32F7xx_HAL_Driver\Src\stm32f7xx_hal_pwr_ex.o
 .ARM.attributes
                0x00000278       0x37 Drivers\STM32F7xx_HAL_Driver\Src\stm32f7xx_hal_rcc.o
 .ARM.attributes
                0x000002af       0x37 Drivers\STM32F7xx_HAL_Driver\Src\stm32f7xx_hal_rcc_ex.o
 .ARM.attributes
                0x000002e6       0x37 Drivers\STM32F7xx_HAL_Driver\Src\stm32f7xx_hal_uart.o
 .ARM.attributes
                0x0000031d       0x37 Src\main.o
 .ARM.attributes
                0x00000354       0x37 Src\ov2640.o
 .ARM.attributes
                0x0000038b       0x37 Src\stm32f7xx_hal_msp.o
 .ARM.attributes
                0x000003c2       0x37 Src\stm32f7xx_it.o
 .ARM.attributes
                0x000003f9       0x37 Src\system_stm32f7xx.o
 .ARM.attributes
                0x00000430       0x21 startup\startup_stm32f767xx.o
 .ARM.attributes
                0x00000451       0x32 c:/program files (x86)/atollic/truestudio for stm32 9.2.0/armtools/bin/../lib/gcc/arm-atollic-eabi/6.3.1/../../../../arm-atollic-eabi/lib/armv7e-m/fpu/fpv5-d16\libc_nano.a(lib_a-init.o)
 .ARM.attributes
                0x00000483       0x32 c:/program files (x86)/atollic/truestudio for stm32 9.2.0/armtools/bin/../lib/gcc/arm-atollic-eabi/6.3.1/../../../../arm-atollic-eabi/lib/armv7e-m/fpu/fpv5-d16\libc_nano.a(lib_a-memset.o)
 .ARM.attributes
                0x000004b5       0x19 c:/program files (x86)/atollic/truestudio for stm32 9.2.0/armtools/bin/../lib/gcc/arm-atollic-eabi/6.3.1/../../../../arm-atollic-eabi/lib/armv7e-m/fpu/fpv5-d16\libc_nano.a(lib_a-strlen.o)
 .ARM.attributes
                0x000004ce       0x32 c:/program files (x86)/atollic/truestudio for stm32 9.2.0/armtools/bin/../lib/gcc/arm-atollic-eabi/6.3.1/../../../../arm-atollic-eabi/lib/armv7e-m/fpu/fpv5-d16\libc_nano.a(lib_a-vsprintf.o)
 .ARM.attributes
                0x00000500       0x32 c:/program files (x86)/atollic/truestudio for stm32 9.2.0/armtools/bin/../lib/gcc/arm-atollic-eabi/6.3.1/../../../../arm-atollic-eabi/lib/armv7e-m/fpu/fpv5-d16\libc_nano.a(lib_a-impure.o)
 .ARM.attributes
                0x00000532       0x32 c:/program files (x86)/atollic/truestudio for stm32 9.2.0/armtools/bin/../lib/gcc/arm-atollic-eabi/6.3.1/../../../../arm-atollic-eabi/lib/armv7e-m/fpu/fpv5-d16\libc_nano.a(lib_a-nano-svfprintf.o)
 .ARM.attributes
                0x00000564       0x32 c:/program files (x86)/atollic/truestudio for stm32 9.2.0/armtools/bin/../lib/gcc/arm-atollic-eabi/6.3.1/../../../../arm-atollic-eabi/lib/armv7e-m/fpu/fpv5-d16\libc_nano.a(lib_a-nano-vfprintf_i.o)
 .ARM.attributes
                0x00000596       0x1e c:/program files (x86)/atollic/truestudio for stm32 9.2.0/armtools/bin/../lib/gcc/arm-atollic-eabi/6.3.1/../../../../arm-atollic-eabi/lib/armv7e-m/fpu/fpv5-d16\libc_nano.a(lib_a-memchr.o)
 .ARM.attributes
                0x000005b4       0x32 c:/program files (x86)/atollic/truestudio for stm32 9.2.0/armtools/bin/../lib/gcc/arm-atollic-eabi/6.3.1/../../../../arm-atollic-eabi/lib/armv7e-m/fpu/fpv5-d16\libc_nano.a(lib_a-memcpy-stub.o)
 .ARM.attributes
                0x000005e6       0x32 c:/program files (x86)/atollic/truestudio for stm32 9.2.0/armtools/bin/../lib/gcc/arm-atollic-eabi/6.3.1/../../../../arm-atollic-eabi/lib/armv7e-m/fpu/fpv5-d16\libc_nano.a(lib_a-memmove.o)
 .ARM.attributes
                0x00000618       0x32 c:/program files (x86)/atollic/truestudio for stm32 9.2.0/armtools/bin/../lib/gcc/arm-atollic-eabi/6.3.1/../../../../arm-atollic-eabi/lib/armv7e-m/fpu/fpv5-d16\libc_nano.a(lib_a-nano-freer.o)
 .ARM.attributes
                0x0000064a       0x32 c:/program files (x86)/atollic/truestudio for stm32 9.2.0/armtools/bin/../lib/gcc/arm-atollic-eabi/6.3.1/../../../../arm-atollic-eabi/lib/armv7e-m/fpu/fpv5-d16\libc_nano.a(lib_a-nano-mallocr.o)
 .ARM.attributes
                0x0000067c       0x32 c:/program files (x86)/atollic/truestudio for stm32 9.2.0/armtools/bin/../lib/gcc/arm-atollic-eabi/6.3.1/../../../../arm-atollic-eabi/lib/armv7e-m/fpu/fpv5-d16\libc_nano.a(lib_a-nano-reallocr.o)
 .ARM.attributes
                0x000006ae       0x32 c:/program files (x86)/atollic/truestudio for stm32 9.2.0/armtools/bin/../lib/gcc/arm-atollic-eabi/6.3.1/../../../../arm-atollic-eabi/lib/armv7e-m/fpu/fpv5-d16\libc_nano.a(lib_a-sbrkr.o)
 .ARM.attributes
                0x000006e0       0x32 c:/program files (x86)/atollic/truestudio for stm32 9.2.0/armtools/bin/../lib/gcc/arm-atollic-eabi/6.3.1/../../../../arm-atollic-eabi/lib/armv7e-m/fpu/fpv5-d16\libc_nano.a(lib_a-mlock.o)
 .ARM.attributes
                0x00000712       0x32 c:/program files (x86)/atollic/truestudio for stm32 9.2.0/armtools/bin/../lib/gcc/arm-atollic-eabi/6.3.1/../../../../arm-atollic-eabi/lib/armv7e-m/fpu/fpv5-d16\libc_nano.a(lib_a-nano-msizer.o)
 .ARM.attributes
                0x00000744       0x32 c:/program files (x86)/atollic/truestudio for stm32 9.2.0/armtools/bin/../lib/gcc/arm-atollic-eabi/6.3.1/../../../../arm-atollic-eabi/lib/armv7e-m/fpu/fpv5-d16\libc_nano.a(lib_a-reent.o)
 .ARM.attributes
                0x00000776       0x20 c:/program files (x86)/atollic/truestudio for stm32 9.2.0/armtools/bin/../lib/gcc/arm-atollic-eabi/6.3.1/armv7e-m/fpu/fpv5-d16\libgcc.a(_aeabi_uldivmod.o)
 .ARM.attributes
                0x00000796       0x32 c:/program files (x86)/atollic/truestudio for stm32 9.2.0/armtools/bin/../lib/gcc/arm-atollic-eabi/6.3.1/armv7e-m/fpu/fpv5-d16\libgcc.a(_udivmoddi4.o)
 .ARM.attributes
                0x000007c8       0x20 c:/program files (x86)/atollic/truestudio for stm32 9.2.0/armtools/bin/../lib/gcc/arm-atollic-eabi/6.3.1/armv7e-m/fpu/fpv5-d16\libgcc.a(_dvmd_tls.o)
 .ARM.attributes
                0x000007e8       0x32 c:/program files (x86)/atollic/truestudio for stm32 9.2.0/armtools/bin/../lib/gcc/arm-atollic-eabi/6.3.1/../../../../arm-atollic-eabi/lib/armv7e-m/fpu/fpv5-d16\libnosys.a(sbrk.o)
 .ARM.attributes
                0x0000081a       0x20 c:/program files (x86)/atollic/truestudio for stm32 9.2.0/armtools/bin/../lib/gcc/arm-atollic-eabi/6.3.1/armv7e-m/fpu/fpv5-d16/crtn.o
OUTPUT(Test_DCMI.elf elf32-littlearm)

.debug_info     0x00000000    0x1a535
 .debug_info    0x00000000     0x1303 Drivers\STM32F7xx_HAL_Driver\Src\stm32f7xx_hal.o
 .debug_info    0x00001303     0x19a8 Drivers\STM32F7xx_HAL_Driver\Src\stm32f7xx_hal_cortex.o
 .debug_info    0x00002cab     0x1317 Drivers\STM32F7xx_HAL_Driver\Src\stm32f7xx_hal_dcmi.o
 .debug_info    0x00003fc2     0x125c Drivers\STM32F7xx_HAL_Driver\Src\stm32f7xx_hal_dma.o
 .debug_info    0x0000521e      0xdea Drivers\STM32F7xx_HAL_Driver\Src\stm32f7xx_hal_dma_ex.o
 .debug_info    0x00006008      0xfbc Drivers\STM32F7xx_HAL_Driver\Src\stm32f7xx_hal_gpio.o
 .debug_info    0x00006fc4     0x394a Drivers\STM32F7xx_HAL_Driver\Src\stm32f7xx_hal_i2c.o
 .debug_info    0x0000a90e     0x11b6 Drivers\STM32F7xx_HAL_Driver\Src\stm32f7xx_hal_i2c_ex.o
 .debug_info    0x0000bac4     0x1236 Drivers\STM32F7xx_HAL_Driver\Src\stm32f7xx_hal_pwr.o
 .debug_info    0x0000ccfa     0x122c Drivers\STM32F7xx_HAL_Driver\Src\stm32f7xx_hal_pwr_ex.o
 .debug_info    0x0000df26     0x1367 Drivers\STM32F7xx_HAL_Driver\Src\stm32f7xx_hal_rcc.o
 .debug_info    0x0000f28d     0x108a Drivers\STM32F7xx_HAL_Driver\Src\stm32f7xx_hal_rcc_ex.o
 .debug_info    0x00010317     0x20b0 Drivers\STM32F7xx_HAL_Driver\Src\stm32f7xx_hal_uart.o
 .debug_info    0x000123c7     0x267d Src\main.o
 .debug_info    0x00014a44     0x1a89 Src\ov2640.o
 .debug_info    0x000164cd     0x1ecd Src\stm32f7xx_hal_msp.o
 .debug_info    0x0001839a     0x1235 Src\stm32f7xx_it.o
 .debug_info    0x000195cf      0xf05 Src\system_stm32f7xx.o
 .debug_info    0x0001a4d4       0x61 startup\startup_stm32f767xx.o

.debug_abbrev   0x00000000     0x32e6
 .debug_abbrev  0x00000000      0x2f9 Drivers\STM32F7xx_HAL_Driver\Src\stm32f7xx_hal.o
 .debug_abbrev  0x000002f9      0x399 Drivers\STM32F7xx_HAL_Driver\Src\stm32f7xx_hal_cortex.o
 .debug_abbrev  0x00000692      0x313 Drivers\STM32F7xx_HAL_Driver\Src\stm32f7xx_hal_dcmi.o
 .debug_abbrev  0x000009a5      0x34a Drivers\STM32F7xx_HAL_Driver\Src\stm32f7xx_hal_dma.o
 .debug_abbrev  0x00000cef      0x21e Drivers\STM32F7xx_HAL_Driver\Src\stm32f7xx_hal_dma_ex.o
 .debug_abbrev  0x00000f0d      0x268 Drivers\STM32F7xx_HAL_Driver\Src\stm32f7xx_hal_gpio.o
 .debug_abbrev  0x00001175      0x3c9 Drivers\STM32F7xx_HAL_Driver\Src\stm32f7xx_hal_i2c.o
 .debug_abbrev  0x0000153e      0x209 Drivers\STM32F7xx_HAL_Driver\Src\stm32f7xx_hal_i2c_ex.o
 .debug_abbrev  0x00001747      0x24a Drivers\STM32F7xx_HAL_Driver\Src\stm32f7xx_hal_pwr.o
 .debug_abbrev  0x00001991      0x2b6 Drivers\STM32F7xx_HAL_Driver\Src\stm32f7xx_hal_pwr_ex.o
 .debug_abbrev  0x00001c47      0x35e Drivers\STM32F7xx_HAL_Driver\Src\stm32f7xx_hal_rcc.o
 .debug_abbrev  0x00001fa5      0x25f Drivers\STM32F7xx_HAL_Driver\Src\stm32f7xx_hal_rcc_ex.o
 .debug_abbrev  0x00002204      0x3a6 Drivers\STM32F7xx_HAL_Driver\Src\stm32f7xx_hal_uart.o
 .debug_abbrev  0x000025aa      0x36e Src\main.o
 .debug_abbrev  0x00002918      0x31e Src\ov2640.o
 .debug_abbrev  0x00002c36      0x287 Src\stm32f7xx_hal_msp.o
 .debug_abbrev  0x00002ebd      0x231 Src\stm32f7xx_it.o
 .debug_abbrev  0x000030ee      0x1e6 Src\system_stm32f7xx.o
 .debug_abbrev  0x000032d4       0x12 startup\startup_stm32f767xx.o

.debug_loc      0x00000000     0x73a9
 .debug_loc     0x00000000      0x11b Drivers\STM32F7xx_HAL_Driver\Src\stm32f7xx_hal.o
 .debug_loc     0x0000011b      0x536 Drivers\STM32F7xx_HAL_Driver\Src\stm32f7xx_hal_cortex.o
 .debug_loc     0x00000651      0x59b Drivers\STM32F7xx_HAL_Driver\Src\stm32f7xx_hal_dcmi.o
 .debug_loc     0x00000bec      0x7ed Drivers\STM32F7xx_HAL_Driver\Src\stm32f7xx_hal_dma.o
 .debug_loc     0x000013d9      0x494 Drivers\STM32F7xx_HAL_Driver\Src\stm32f7xx_hal_dma_ex.o
 .debug_loc     0x0000186d      0x3cd Drivers\STM32F7xx_HAL_Driver\Src\stm32f7xx_hal_gpio.o
 .debug_loc     0x00001c3a     0x31a9 Drivers\STM32F7xx_HAL_Driver\Src\stm32f7xx_hal_i2c.o
 .debug_loc     0x00004de3      0x144 Drivers\STM32F7xx_HAL_Driver\Src\stm32f7xx_hal_i2c_ex.o
 .debug_loc     0x00004f27       0xae Drivers\STM32F7xx_HAL_Driver\Src\stm32f7xx_hal_pwr.o
 .debug_loc     0x00004fd5      0x1c2 Drivers\STM32F7xx_HAL_Driver\Src\stm32f7xx_hal_pwr_ex.o
 .debug_loc     0x00005197      0x40a Drivers\STM32F7xx_HAL_Driver\Src\stm32f7xx_hal_rcc.o
 .debug_loc     0x000055a1      0x5dc Drivers\STM32F7xx_HAL_Driver\Src\stm32f7xx_hal_rcc_ex.o
 .debug_loc     0x00005b7d     0x131b Drivers\STM32F7xx_HAL_Driver\Src\stm32f7xx_hal_uart.o
 .debug_loc     0x00006e98       0xab Src\main.o
 .debug_loc     0x00006f43      0x22c Src\ov2640.o
 .debug_loc     0x0000716f      0x11e Src\stm32f7xx_hal_msp.o
 .debug_loc     0x0000728d      0x11c Src\system_stm32f7xx.o

.debug_aranges  0x00000000      0xa70
 .debug_aranges
                0x00000000      0x108 Drivers\STM32F7xx_HAL_Driver\Src\stm32f7xx_hal.o
 .debug_aranges
                0x00000108       0xa8 Drivers\STM32F7xx_HAL_Driver\Src\stm32f7xx_hal_cortex.o
 .debug_aranges
                0x000001b0       0x90 Drivers\STM32F7xx_HAL_Driver\Src\stm32f7xx_hal_dcmi.o
 .debug_aranges
                0x00000240       0x80 Drivers\STM32F7xx_HAL_Driver\Src\stm32f7xx_hal_dma.o
 .debug_aranges
                0x000002c0       0x30 Drivers\STM32F7xx_HAL_Driver\Src\stm32f7xx_hal_dma_ex.o
 .debug_aranges
                0x000002f0       0x58 Drivers\STM32F7xx_HAL_Driver\Src\stm32f7xx_hal_gpio.o
 .debug_aranges
                0x00000348      0x200 Drivers\STM32F7xx_HAL_Driver\Src\stm32f7xx_hal_i2c.o
 .debug_aranges
                0x00000548       0x38 Drivers\STM32F7xx_HAL_Driver\Src\stm32f7xx_hal_i2c_ex.o
 .debug_aranges
                0x00000580       0xa0 Drivers\STM32F7xx_HAL_Driver\Src\stm32f7xx_hal_pwr.o
 .debug_aranges
                0x00000620       0x80 Drivers\STM32F7xx_HAL_Driver\Src\stm32f7xx_hal_pwr_ex.o
 .debug_aranges
                0x000006a0       0x88 Drivers\STM32F7xx_HAL_Driver\Src\stm32f7xx_hal_rcc.o
 .debug_aranges
                0x00000728       0x50 Drivers\STM32F7xx_HAL_Driver\Src\stm32f7xx_hal_rcc_ex.o
 .debug_aranges
                0x00000778      0x148 Drivers\STM32F7xx_HAL_Driver\Src\stm32f7xx_hal_uart.o
 .debug_aranges
                0x000008c0       0x58 Src\main.o
 .debug_aranges
                0x00000918       0x50 Src\ov2640.o
 .debug_aranges
                0x00000968       0x50 Src\stm32f7xx_hal_msp.o
 .debug_aranges
                0x000009b8       0x68 Src\stm32f7xx_it.o
 .debug_aranges
                0x00000a20       0x28 Src\system_stm32f7xx.o
 .debug_aranges
                0x00000a48       0x28 startup\startup_stm32f767xx.o

.debug_ranges   0x00000000      0xe40
 .debug_ranges  0x00000000       0xf8 Drivers\STM32F7xx_HAL_Driver\Src\stm32f7xx_hal.o
 .debug_ranges  0x000000f8      0x138 Drivers\STM32F7xx_HAL_Driver\Src\stm32f7xx_hal_cortex.o
 .debug_ranges  0x00000230       0x80 Drivers\STM32F7xx_HAL_Driver\Src\stm32f7xx_hal_dcmi.o
 .debug_ranges  0x000002b0       0xd0 Drivers\STM32F7xx_HAL_Driver\Src\stm32f7xx_hal_dma.o
 .debug_ranges  0x00000380       0x60 Drivers\STM32F7xx_HAL_Driver\Src\stm32f7xx_hal_dma_ex.o
 .debug_ranges  0x000003e0       0x70 Drivers\STM32F7xx_HAL_Driver\Src\stm32f7xx_hal_gpio.o
 .debug_ranges  0x00000450      0x268 Drivers\STM32F7xx_HAL_Driver\Src\stm32f7xx_hal_i2c.o
 .debug_ranges  0x000006b8       0x68 Drivers\STM32F7xx_HAL_Driver\Src\stm32f7xx_hal_i2c_ex.o
 .debug_ranges  0x00000720       0x90 Drivers\STM32F7xx_HAL_Driver\Src\stm32f7xx_hal_pwr.o
 .debug_ranges  0x000007b0       0xe8 Drivers\STM32F7xx_HAL_Driver\Src\stm32f7xx_hal_pwr_ex.o
 .debug_ranges  0x00000898       0xf0 Drivers\STM32F7xx_HAL_Driver\Src\stm32f7xx_hal_rcc.o
 .debug_ranges  0x00000988       0x58 Drivers\STM32F7xx_HAL_Driver\Src\stm32f7xx_hal_rcc_ex.o
 .debug_ranges  0x000009e0      0x138 Drivers\STM32F7xx_HAL_Driver\Src\stm32f7xx_hal_uart.o
 .debug_ranges  0x00000b18      0x178 Src\main.o
 .debug_ranges  0x00000c90       0x40 Src\ov2640.o
 .debug_ranges  0x00000cd0       0xe0 Src\stm32f7xx_hal_msp.o
 .debug_ranges  0x00000db0       0x58 Src\stm32f7xx_it.o
 .debug_ranges  0x00000e08       0x18 Src\system_stm32f7xx.o
 .debug_ranges  0x00000e20       0x20 startup\startup_stm32f767xx.o

.debug_line     0x00000000     0x6d9e
 .debug_line    0x00000000      0x4e2 Drivers\STM32F7xx_HAL_Driver\Src\stm32f7xx_hal.o
 .debug_line    0x000004e2      0x4e3 Drivers\STM32F7xx_HAL_Driver\Src\stm32f7xx_hal_cortex.o
 .debug_line    0x000009c5      0x5d8 Drivers\STM32F7xx_HAL_Driver\Src\stm32f7xx_hal_dcmi.o
 .debug_line    0x00000f9d      0x60e Drivers\STM32F7xx_HAL_Driver\Src\stm32f7xx_hal_dma.o
 .debug_line    0x000015ab      0x60a Drivers\STM32F7xx_HAL_Driver\Src\stm32f7xx_hal_dma_ex.o
 .debug_line    0x00001bb5      0x4a8 Drivers\STM32F7xx_HAL_Driver\Src\stm32f7xx_hal_gpio.o
 .debug_line    0x0000205d     0x159b Drivers\STM32F7xx_HAL_Driver\Src\stm32f7xx_hal_i2c.o
 .debug_line    0x000035f8      0x377 Drivers\STM32F7xx_HAL_Driver\Src\stm32f7xx_hal_i2c_ex.o
 .debug_line    0x0000396f      0x41f Drivers\STM32F7xx_HAL_Driver\Src\stm32f7xx_hal_pwr.o
 .debug_line    0x00003d8e      0x43c Drivers\STM32F7xx_HAL_Driver\Src\stm32f7xx_hal_pwr_ex.o
 .debug_line    0x000041ca      0x656 Drivers\STM32F7xx_HAL_Driver\Src\stm32f7xx_hal_rcc.o
 .debug_line    0x00004820      0x511 Drivers\STM32F7xx_HAL_Driver\Src\stm32f7xx_hal_rcc_ex.o
 .debug_line    0x00004d31      0xc3b Drivers\STM32F7xx_HAL_Driver\Src\stm32f7xx_hal_uart.o
 .debug_line    0x0000596c      0x5c8 Src\main.o
 .debug_line    0x00005f34      0x3b0 Src\ov2640.o
 .debug_line    0x000062e4      0x460 Src\stm32f7xx_hal_msp.o
 .debug_line    0x00006744      0x367 Src\stm32f7xx_it.o
 .debug_line    0x00006aab      0x274 Src\system_stm32f7xx.o
 .debug_line    0x00006d1f       0x7f startup\startup_stm32f767xx.o

.debug_str      0x00000000     0x424c
 .debug_str     0x00000000     0x10e5 Drivers\STM32F7xx_HAL_Driver\Src\stm32f7xx_hal.o
                               0x1193 (size before relaxing)
 .debug_str     0x000010e5      0x487 Drivers\STM32F7xx_HAL_Driver\Src\stm32f7xx_hal_cortex.o
                               0x1296 (size before relaxing)
 .debug_str     0x0000156c      0x681 Drivers\STM32F7xx_HAL_Driver\Src\stm32f7xx_hal_dcmi.o
                                0xd26 (size before relaxing)
 .debug_str     0x00001bed      0x2d9 Drivers\STM32F7xx_HAL_Driver\Src\stm32f7xx_hal_dma.o
                                0xbd3 (size before relaxing)
 .debug_str     0x00001ec6       0xae Drivers\STM32F7xx_HAL_Driver\Src\stm32f7xx_hal_dma_ex.o
                                0x9c8 (size before relaxing)
 .debug_str     0x00001f74      0x1ad Drivers\STM32F7xx_HAL_Driver\Src\stm32f7xx_hal_gpio.o
                                0x96a (size before relaxing)
 .debug_str     0x00002121      0xa0a Drivers\STM32F7xx_HAL_Driver\Src\stm32f7xx_hal_i2c.o
                               0x1363 (size before relaxing)
 .debug_str     0x00002b2b       0xc4 Drivers\STM32F7xx_HAL_Driver\Src\stm32f7xx_hal_i2c_ex.o
                                0xd6e (size before relaxing)
 .debug_str     0x00002bef      0x240 Drivers\STM32F7xx_HAL_Driver\Src\stm32f7xx_hal_pwr.o
                                0xabc (size before relaxing)
 .debug_str     0x00002e2f      0x1e4 Drivers\STM32F7xx_HAL_Driver\Src\stm32f7xx_hal_pwr_ex.o
                                0xac5 (size before relaxing)
 .debug_str     0x00003013      0x301 Drivers\STM32F7xx_HAL_Driver\Src\stm32f7xx_hal_rcc.o
                                0xb51 (size before relaxing)
 .debug_str     0x00003314      0x3fb Drivers\STM32F7xx_HAL_Driver\Src\stm32f7xx_hal_rcc_ex.o
                                0xba6 (size before relaxing)
 .debug_str     0x0000370f      0x796 Drivers\STM32F7xx_HAL_Driver\Src\stm32f7xx_hal_uart.o
                               0x127c (size before relaxing)
 .debug_str     0x00003ea5      0x161 Src\main.o
                               0x1e77 (size before relaxing)
 .debug_str     0x00004006       0xfe Src\ov2640.o
                               0x1186 (size before relaxing)
 .debug_str     0x00004104       0x1b Src\stm32f7xx_hal_msp.o
                               0x189f (size before relaxing)
 .debug_str     0x0000411f       0xe8 Src\stm32f7xx_it.o
                                0xe4e (size before relaxing)
 .debug_str     0x00004207       0x45 Src\system_stm32f7xx.o
                                0x897 (size before relaxing)

.comment        0x00000000       0x7c
 .comment       0x00000000       0x7c Drivers\STM32F7xx_HAL_Driver\Src\stm32f7xx_hal.o
                                 0x7d (size before relaxing)
 .comment       0x0000007c       0x7d Drivers\STM32F7xx_HAL_Driver\Src\stm32f7xx_hal_cortex.o
 .comment       0x0000007c       0x7d Drivers\STM32F7xx_HAL_Driver\Src\stm32f7xx_hal_dcmi.o
 .comment       0x0000007c       0x7d Drivers\STM32F7xx_HAL_Driver\Src\stm32f7xx_hal_dma.o
 .comment       0x0000007c       0x7d Drivers\STM32F7xx_HAL_Driver\Src\stm32f7xx_hal_dma_ex.o
 .comment       0x0000007c       0x7d Drivers\STM32F7xx_HAL_Driver\Src\stm32f7xx_hal_gpio.o
 .comment       0x0000007c       0x7d Drivers\STM32F7xx_HAL_Driver\Src\stm32f7xx_hal_i2c.o
 .comment       0x0000007c       0x7d Drivers\STM32F7xx_HAL_Driver\Src\stm32f7xx_hal_i2c_ex.o
 .comment       0x0000007c       0x7d Drivers\STM32F7xx_HAL_Driver\Src\stm32f7xx_hal_pwr.o
 .comment       0x0000007c       0x7d Drivers\STM32F7xx_HAL_Driver\Src\stm32f7xx_hal_pwr_ex.o
 .comment       0x0000007c       0x7d Drivers\STM32F7xx_HAL_Driver\Src\stm32f7xx_hal_rcc.o
 .comment       0x0000007c       0x7d Drivers\STM32F7xx_HAL_Driver\Src\stm32f7xx_hal_rcc_ex.o
 .comment       0x0000007c       0x7d Drivers\STM32F7xx_HAL_Driver\Src\stm32f7xx_hal_uart.o
 .comment       0x0000007c       0x7d Src\main.o
 .comment       0x0000007c       0x7d Src\ov2640.o
 .comment       0x0000007c       0x7d Src\stm32f7xx_hal_msp.o
 .comment       0x0000007c       0x7d Src\stm32f7xx_it.o
 .comment       0x0000007c       0x7d Src\system_stm32f7xx.o

.debug_frame    0x00000000     0x205c
 .debug_frame   0x00000000      0x230 Drivers\STM32F7xx_HAL_Driver\Src\stm32f7xx_hal.o
 .debug_frame   0x00000230      0x158 Drivers\STM32F7xx_HAL_Driver\Src\stm32f7xx_hal_cortex.o
 .debug_frame   0x00000388      0x1ac Drivers\STM32F7xx_HAL_Driver\Src\stm32f7xx_hal_dcmi.o
 .debug_frame   0x00000534      0x150 Drivers\STM32F7xx_HAL_Driver\Src\stm32f7xx_hal_dma.o
 .debug_frame   0x00000684       0x58 Drivers\STM32F7xx_HAL_Driver\Src\stm32f7xx_hal_dma_ex.o
 .debug_frame   0x000006dc       0xd8 Drivers\STM32F7xx_HAL_Driver\Src\stm32f7xx_hal_gpio.o
 .debug_frame   0x000007b4      0x804 Drivers\STM32F7xx_HAL_Driver\Src\stm32f7xx_hal_i2c.o
 .debug_frame   0x00000fb8       0x70 Drivers\STM32F7xx_HAL_Driver\Src\stm32f7xx_hal_i2c_ex.o
 .debug_frame   0x00001028      0x130 Drivers\STM32F7xx_HAL_Driver\Src\stm32f7xx_hal_pwr.o
 .debug_frame   0x00001158      0x13c Drivers\STM32F7xx_HAL_Driver\Src\stm32f7xx_hal_pwr_ex.o
 .debug_frame   0x00001294      0x148 Drivers\STM32F7xx_HAL_Driver\Src\stm32f7xx_hal_rcc.o
 .debug_frame   0x000013dc       0xcc Drivers\STM32F7xx_HAL_Driver\Src\stm32f7xx_hal_rcc_ex.o
 .debug_frame   0x000014a8      0x424 Drivers\STM32F7xx_HAL_Driver\Src\stm32f7xx_hal_uart.o
 .debug_frame   0x000018cc       0xec Src\main.o
 .debug_frame   0x000019b8       0xe8 Src\ov2640.o
 .debug_frame   0x00001aa0       0xe0 Src\stm32f7xx_hal_msp.o
 .debug_frame   0x00001b80       0xe0 Src\stm32f7xx_it.o
 .debug_frame   0x00001c60       0x38 Src\system_stm32f7xx.o
 .debug_frame   0x00001c98       0x2c c:/program files (x86)/atollic/truestudio for stm32 9.2.0/armtools/bin/../lib/gcc/arm-atollic-eabi/6.3.1/../../../../arm-atollic-eabi/lib/armv7e-m/fpu/fpv5-d16\libc_nano.a(lib_a-init.o)
 .debug_frame   0x00001cc4       0x20 c:/program files (x86)/atollic/truestudio for stm32 9.2.0/armtools/bin/../lib/gcc/arm-atollic-eabi/6.3.1/../../../../arm-atollic-eabi/lib/armv7e-m/fpu/fpv5-d16\libc_nano.a(lib_a-memset.o)
 .debug_frame   0x00001ce4       0x40 c:/program files (x86)/atollic/truestudio for stm32 9.2.0/armtools/bin/../lib/gcc/arm-atollic-eabi/6.3.1/../../../../arm-atollic-eabi/lib/armv7e-m/fpu/fpv5-d16\libc_nano.a(lib_a-vsprintf.o)
 .debug_frame   0x00001d24       0x90 c:/program files (x86)/atollic/truestudio for stm32 9.2.0/armtools/bin/../lib/gcc/arm-atollic-eabi/6.3.1/../../../../arm-atollic-eabi/lib/armv7e-m/fpu/fpv5-d16\libc_nano.a(lib_a-nano-svfprintf.o)
 .debug_frame   0x00001db4       0x60 c:/program files (x86)/atollic/truestudio for stm32 9.2.0/armtools/bin/../lib/gcc/arm-atollic-eabi/6.3.1/../../../../arm-atollic-eabi/lib/armv7e-m/fpu/fpv5-d16\libc_nano.a(lib_a-nano-vfprintf_i.o)
 .debug_frame   0x00001e14       0x28 c:/program files (x86)/atollic/truestudio for stm32 9.2.0/armtools/bin/../lib/gcc/arm-atollic-eabi/6.3.1/../../../../arm-atollic-eabi/lib/armv7e-m/fpu/fpv5-d16\libc_nano.a(lib_a-memcpy-stub.o)
 .debug_frame   0x00001e3c       0x28 c:/program files (x86)/atollic/truestudio for stm32 9.2.0/armtools/bin/../lib/gcc/arm-atollic-eabi/6.3.1/../../../../arm-atollic-eabi/lib/armv7e-m/fpu/fpv5-d16\libc_nano.a(lib_a-memmove.o)
 .debug_frame   0x00001e64       0x38 c:/program files (x86)/atollic/truestudio for stm32 9.2.0/armtools/bin/../lib/gcc/arm-atollic-eabi/6.3.1/../../../../arm-atollic-eabi/lib/armv7e-m/fpu/fpv5-d16\libc_nano.a(lib_a-nano-freer.o)
 .debug_frame   0x00001e9c       0x2c c:/program files (x86)/atollic/truestudio for stm32 9.2.0/armtools/bin/../lib/gcc/arm-atollic-eabi/6.3.1/../../../../arm-atollic-eabi/lib/armv7e-m/fpu/fpv5-d16\libc_nano.a(lib_a-nano-mallocr.o)
 .debug_frame   0x00001ec8       0x3c c:/program files (x86)/atollic/truestudio for stm32 9.2.0/armtools/bin/../lib/gcc/arm-atollic-eabi/6.3.1/../../../../arm-atollic-eabi/lib/armv7e-m/fpu/fpv5-d16\libc_nano.a(lib_a-nano-reallocr.o)
 .debug_frame   0x00001f04       0x2c c:/program files (x86)/atollic/truestudio for stm32 9.2.0/armtools/bin/../lib/gcc/arm-atollic-eabi/6.3.1/../../../../arm-atollic-eabi/lib/armv7e-m/fpu/fpv5-d16\libc_nano.a(lib_a-sbrkr.o)
 .debug_frame   0x00001f30       0x30 c:/program files (x86)/atollic/truestudio for stm32 9.2.0/armtools/bin/../lib/gcc/arm-atollic-eabi/6.3.1/../../../../arm-atollic-eabi/lib/armv7e-m/fpu/fpv5-d16\libc_nano.a(lib_a-mlock.o)
 .debug_frame   0x00001f60       0x20 c:/program files (x86)/atollic/truestudio for stm32 9.2.0/armtools/bin/../lib/gcc/arm-atollic-eabi/6.3.1/../../../../arm-atollic-eabi/lib/armv7e-m/fpu/fpv5-d16\libc_nano.a(lib_a-nano-msizer.o)
 .debug_frame   0x00001f80       0x5c c:/program files (x86)/atollic/truestudio for stm32 9.2.0/armtools/bin/../lib/gcc/arm-atollic-eabi/6.3.1/../../../../arm-atollic-eabi/lib/armv7e-m/fpu/fpv5-d16\libc_nano.a(lib_a-reent.o)
 .debug_frame   0x00001fdc       0x2c c:/program files (x86)/atollic/truestudio for stm32 9.2.0/armtools/bin/../lib/gcc/arm-atollic-eabi/6.3.1/armv7e-m/fpu/fpv5-d16\libgcc.a(_aeabi_uldivmod.o)
 .debug_frame   0x00002008       0x34 c:/program files (x86)/atollic/truestudio for stm32 9.2.0/armtools/bin/../lib/gcc/arm-atollic-eabi/6.3.1/armv7e-m/fpu/fpv5-d16\libgcc.a(_udivmoddi4.o)
 .debug_frame   0x0000203c       0x20 c:/program files (x86)/atollic/truestudio for stm32 9.2.0/armtools/bin/../lib/gcc/arm-atollic-eabi/6.3.1/../../../../arm-atollic-eabi/lib/armv7e-m/fpu/fpv5-d16\libnosys.a(sbrk.o)
