ov2640.c:282:6:OV2640_Init	16	static
ov2640.c:313:6:OV2640_ResolutionOptions	16	static
ov2640.c:344:6:OV2640_ResolutionConfiguration	16	static
ov2640.c:389:6:OV2640_Configuration	24	static
ov2640.c:418:6:OV2640_SpecialEffect	16	static
ov2640.c:444:6:OV2640_AdvancedWhiteBalance	8	static
ov2640.c:456:6:OV2640_SimpleWhiteBalance	8	static
ov2640.c:469:6:OV2640_Brightness	16	static
ov2640.c:491:6:OV2640_LightMode	16	static
ov2640.c:512:6:OV2640_Saturation	16	static
ov2640.c:534:6:OV2640_Contrast	16	static
ov2640.c:555:6:OV2640_StopDCMI	8	static
ov2640.c:568:6:OV2640_CaptureSnapshot	16	static
ov2640.c:581:7:SCCB_Write	32	static,ignoring_inline_asm
ov2640.c:605:7:SCCB_Read	32	static,ignoring_inline_asm
