stm32f7xx_hal_pwr.c:100:6:HAL_PWR_DeInit	4	static
stm32f7xx_hal_pwr.c:113:6:HAL_PWR_EnableBkUpAccess	4	static
stm32f7xx_hal_pwr.c:126:6:HAL_PWR_DisableBkUpAccess	4	static
stm32f7xx_hal_pwr.c:260:6:HAL_PWR_ConfigPVD	16	static
stm32f7xx_hal_pwr.c:303:6:HAL_PWR_EnablePVD	4	static
stm32f7xx_hal_pwr.c:313:6:HAL_PWR_DisablePVD	4	static
stm32f7xx_hal_pwr.c:336:6:HAL_PWR_EnableWakeUpPin	16	static
stm32f7xx_hal_pwr.c:360:6:HAL_PWR_DisableWakeUpPin	16	static
stm32f7xx_hal_pwr.c:387:6:HAL_PWR_EnterSLEEPMode	16	static,ignoring_inline_asm
stm32f7xx_hal_pwr.c:434:6:HAL_PWR_EnterSTOPMode	24	static,ignoring_inline_asm
stm32f7xx_hal_pwr.c:487:6:HAL_PWR_EnterSTANDBYMode	4	static,ignoring_inline_asm
stm32f7xx_hal_pwr.c:508:6:HAL_PWR_PVD_IRQHandler	8	static
stm32f7xx_hal_pwr.c:525:13:HAL_PWR_PVDCallback	4	static
stm32f7xx_hal_pwr.c:540:6:HAL_PWR_EnableSleepOnExit	4	static
stm32f7xx_hal_pwr.c:552:6:HAL_PWR_DisableSleepOnExit	4	static
stm32f7xx_hal_pwr.c:564:6:HAL_PWR_EnableSEVOnPend	4	static
stm32f7xx_hal_pwr.c:576:6:HAL_PWR_DisableSEVOnPend	4	static
