stm32f7xx_hal_eth.c:2015:13:ETH_FlushTransmitFIFO	24	static
stm32f7xx_hal_eth.c:1600:13:ETH_MACDMAConfig	16	static
stm32f7xx_hal_eth.c:472:19:HAL_ETH_DMATxDescListInit	20	static
stm32f7xx_hal_eth.c:539:19:HAL_ETH_DMARxDescListInit	24	static
stm32f7xx_hal_eth.c:606:13:HAL_ETH_MspInit	0	static
stm32f7xx_hal_eth.c:622:13:HAL_ETH_MspDeInit	0	static
stm32f7xx_hal_eth.c:445:19:HAL_ETH_DeInit	8	static
stm32f7xx_hal_eth.c:666:19:HAL_ETH_TransmitFrame	20	static
stm32f7xx_hal_eth.c:779:19:HAL_ETH_GetReceivedFrame	12	static
stm32f7xx_hal_eth.c:859:19:HAL_ETH_GetReceivedFrame_IT	12	static
stm32f7xx_hal_eth.c:1004:13:HAL_ETH_TxCpltCallback	0	static
stm32f7xx_hal_eth.c:1020:13:HAL_ETH_RxCpltCallback	0	static
stm32f7xx_hal_eth.c:1036:13:HAL_ETH_ErrorCallback	0	static
stm32f7xx_hal_eth.c:944:6:HAL_ETH_IRQHandler	16	static
stm32f7xx_hal_eth.c:1058:19:HAL_ETH_ReadPHYRegister	24	static
stm32f7xx_hal_eth.c:1130:19:HAL_ETH_WritePHYRegister	16	static
stm32f7xx_hal_eth.c:172:19:HAL_ETH_Init	32	static
stm32f7xx_hal_eth.c:1222:19:HAL_ETH_Start	24	static
stm32f7xx_hal_eth.c:1261:19:HAL_ETH_Stop	24	static
stm32f7xx_hal_eth.c:1301:19:HAL_ETH_ConfigMAC	24	static
stm32f7xx_hal_eth.c:1468:19:HAL_ETH_ConfigDMA	24	static
stm32f7xx_hal_eth.c:1575:22:HAL_ETH_GetState	0	static
