stm32f7xx_hal.c:138:19:HAL_Init	8	static
stm32f7xx_hal.c:168:19:HAL_DeInit	8	static
stm32f7xx_hal.c:197:13:HAL_MspInit	4	static
stm32f7xx_hal.c:208:13:HAL_MspDeInit	4	static
stm32f7xx_hal.c:231:26:HAL_InitTick	16	static
stm32f7xx_hal.c:290:13:HAL_IncTick	4	static
stm32f7xx_hal.c:301:17:HAL_GetTick	4	static
stm32f7xx_hal.c:310:10:HAL_GetTickPrio	4	static
stm32f7xx_hal.c:319:19:HAL_SetTickFreq	24	static
stm32f7xx_hal.c:351:21:HAL_GetTickFreq	4	static
stm32f7xx_hal.c:367:13:HAL_Delay	24	static
stm32f7xx_hal.c:393:13:HAL_SuspendTick	4	static
stm32f7xx_hal.c:409:13:HAL_ResumeTick	4	static
stm32f7xx_hal.c:419:10:HAL_GetHalVersion	4	static
stm32f7xx_hal.c:428:10:HAL_GetREVID	4	static
stm32f7xx_hal.c:437:10:HAL_GetDEVID	4	static
stm32f7xx_hal.c:446:10:HAL_GetUIDw0	4	static
stm32f7xx_hal.c:455:10:HAL_GetUIDw1	4	static
stm32f7xx_hal.c:464:10:HAL_GetUIDw2	4	static
stm32f7xx_hal.c:473:6:HAL_DBGMCU_EnableDBGSleepMode	4	static
stm32f7xx_hal.c:482:6:HAL_DBGMCU_DisableDBGSleepMode	4	static
stm32f7xx_hal.c:491:6:HAL_DBGMCU_EnableDBGStopMode	4	static
stm32f7xx_hal.c:500:6:HAL_DBGMCU_DisableDBGStopMode	4	static
stm32f7xx_hal.c:509:6:HAL_DBGMCU_EnableDBGStandbyMode	4	static
stm32f7xx_hal.c:518:6:HAL_DBGMCU_DisableDBGStandbyMode	4	static
stm32f7xx_hal.c:529:6:HAL_EnableCompensationCell	4	static
stm32f7xx_hal.c:540:6:HAL_DisableCompensationCell	4	static
stm32f7xx_hal.c:553:6:HAL_EnableFMCMemorySwapping	4	static
stm32f7xx_hal.c:566:6:HAL_DisableFMCMemorySwapping	4	static
stm32f7xx_hal.c:583:6:HAL_EnableMemorySwappingBank	4	static
stm32f7xx_hal.c:598:6:HAL_DisableMemorySwappingBank	4	static
