stm32f7xx_hal_uart.c:289:19:HAL_UART_Init	16	static
stm32f7xx_hal_uart.c:362:19:HAL_HalfDuplex_Init	16	static
stm32f7xx_hal_uart.c:435:19:HAL_LIN_Init	16	static
stm32f7xx_hal_uart.c:532:19:HAL_MultiProcessor_Init	24	static
stm32f7xx_hal_uart.c:606:19:HAL_UART_DeInit	16	static
stm32f7xx_hal_uart.c:652:13:HAL_UART_MspInit	16	static
stm32f7xx_hal_uart.c:667:13:HAL_UART_MspDeInit	16	static
stm32f7xx_hal_uart.c:1093:19:HAL_UART_Transmit	48	static
stm32f7xx_hal_uart.c:1178:19:HAL_UART_Receive	48	static
stm32f7xx_hal_uart.c:1264:19:HAL_UART_Transmit_IT	24	static
stm32f7xx_hal_uart.c:1317:19:HAL_UART_Receive_IT	24	static
stm32f7xx_hal_uart.c:1357:19:HAL_UART_Transmit_DMA	24	static
stm32f7xx_hal_uart.c:1433:19:HAL_UART_Receive_DMA	24	static
stm32f7xx_hal_uart.c:1468:19:HAL_UART_DMAPause	24	static
stm32f7xx_hal_uart.c:1502:19:HAL_UART_DMAResume	16	static
stm32f7xx_hal_uart.c:1534:19:HAL_UART_DMAStop	24	static
stm32f7xx_hal_uart.c:1609:19:HAL_UART_Abort	16	static
stm32f7xx_hal_uart.c:1704:19:HAL_UART_AbortTransmit	16	static
stm32f7xx_hal_uart.c:1756:19:HAL_UART_AbortReceive	16	static
stm32f7xx_hal_uart.c:1823:19:HAL_UART_Abort_IT	24	static
stm32f7xx_hal_uart.c:1969:19:HAL_UART_AbortTransmit_IT	16	static
stm32f7xx_hal_uart.c:2053:19:HAL_UART_AbortReceive_IT	16	static
stm32f7xx_hal_uart.c:2145:6:HAL_UART_IRQHandler	40	static
stm32f7xx_hal_uart.c:2440:13:HAL_UART_TxCpltCallback	16	static
stm32f7xx_hal_uart.c:2455:13:HAL_UART_TxHalfCpltCallback	16	static
stm32f7xx_hal_uart.c:2470:13:HAL_UART_RxCpltCallback	16	static
stm32f7xx_hal_uart.c:2485:13:HAL_UART_RxHalfCpltCallback	16	static
stm32f7xx_hal_uart.c:2500:13:HAL_UART_ErrorCallback	16	static
stm32f7xx_hal_uart.c:2515:13:HAL_UART_AbortCpltCallback	16	static
stm32f7xx_hal_uart.c:2530:13:HAL_UART_AbortTransmitCpltCallback	16	static
stm32f7xx_hal_uart.c:2545:13:HAL_UART_AbortReceiveCpltCallback	16	static
stm32f7xx_hal_uart.c:2562:13:HAL_UARTEx_RxEventCallback	16	static
stm32f7xx_hal_uart.c:2579:13:HAL_UARTEx_WakeupCallback	16	static
stm32f7xx_hal_uart.c:2627:6:HAL_UART_ReceiverTimeout_Config	16	static
stm32f7xx_hal_uart.c:2639:19:HAL_UART_EnableReceiverTimeout	16	static
stm32f7xx_hal_uart.c:2670:19:HAL_UART_DisableReceiverTimeout	16	static
stm32f7xx_hal_uart.c:2701:19:HAL_MultiProcessor_EnableMuteMode	16	static
stm32f7xx_hal_uart.c:2721:19:HAL_MultiProcessor_DisableMuteMode	16	static
stm32f7xx_hal_uart.c:2741:6:HAL_MultiProcessor_EnterMuteMode	16	static
stm32f7xx_hal_uart.c:2751:19:HAL_HalfDuplex_EnableTransmitter	16	static
stm32f7xx_hal_uart.c:2774:19:HAL_HalfDuplex_EnableReceiver	16	static
stm32f7xx_hal_uart.c:2798:19:HAL_LIN_SendBreak	16	static
stm32f7xx_hal_uart.c:2843:23:HAL_UART_GetState	24	static
stm32f7xx_hal_uart.c:2859:10:HAL_UART_GetError	16	static
stm32f7xx_hal_uart.c:2907:19:UART_SetConfig	40	static
stm32f7xx_hal_uart.c:3051:6:UART_AdvFeatureConfig	16	static
stm32f7xx_hal_uart.c:3125:19:UART_CheckIdleState	32	static
stm32f7xx_hal_uart.c:3178:19:UART_WaitOnFlagUntilTimeout	24	static
stm32f7xx_hal_uart.c:3240:19:UART_Start_Receive_IT	24	static
stm32f7xx_hal_uart.c:3284:19:UART_Start_Receive_DMA	24	static
stm32f7xx_hal_uart.c:3341:13:UART_EndTxTransfer	16	static
stm32f7xx_hal_uart.c:3356:13:UART_EndRxTransfer	16	static
stm32f7xx_hal_uart.c:3382:13:UART_DMATransmitCplt	24	static
stm32f7xx_hal_uart.c:3416:13:UART_DMATxHalfCplt	24	static
stm32f7xx_hal_uart.c:3434:13:UART_DMAReceiveCplt	24	static
stm32f7xx_hal_uart.c:3491:13:UART_DMARxHalfCplt	24	static
stm32f7xx_hal_uart.c:3525:13:UART_DMAError	32	static
stm32f7xx_hal_uart.c:3565:13:UART_DMAAbortOnError	24	static
stm32f7xx_hal_uart.c:3588:13:UART_DMATxAbortCallback	24	static
stm32f7xx_hal_uart.c:3638:13:UART_DMARxAbortCallback	24	static
stm32f7xx_hal_uart.c:3690:13:UART_DMATxOnlyAbortCallback	24	static
stm32f7xx_hal_uart.c:3718:13:UART_DMARxOnlyAbortCallback	24	static
stm32f7xx_hal_uart.c:3751:13:UART_TxISR_8BIT	16	static
stm32f7xx_hal_uart.c:3780:13:UART_TxISR_16BIT	24	static
stm32f7xx_hal_uart.c:3812:13:UART_EndTransmit_IT	16	static
stm32f7xx_hal_uart.c:3837:13:UART_RxISR_8BIT	24	static
stm32f7xx_hal_uart.c:3907:13:UART_RxISR_16BIT	24	static
