stm32f7xx_hal_pcd.c:249:13:HAL_PCD_MspInit	0	static
stm32f7xx_hal_pcd.c:143:19:HAL_PCD_Init	64	static
stm32f7xx_hal_pcd.c:264:13:HAL_PCD_MspDeInit	0	static
stm32f7xx_hal_pcd.c:298:19:HAL_PCD_Start	8	static
stm32f7xx_hal_pcd.c:312:19:HAL_PCD_Stop	8	static
stm32f7xx_hal_pcd.c:223:19:HAL_PCD_DeInit	8	static
stm32f7xx_hal_pcd.c:778:13:HAL_PCD_DataOutStageCallback	0	static
stm32f7xx_hal_pcd.c:795:13:HAL_PCD_DataInStageCallback	0	static
stm32f7xx_hal_pcd.c:810:13:HAL_PCD_SetupStageCallback	0	static
stm32f7xx_hal_pcd.c:825:13:HAL_PCD_SOFCallback	0	static
stm32f7xx_hal_pcd.c:840:13:HAL_PCD_ResetCallback	0	static
stm32f7xx_hal_pcd.c:855:13:HAL_PCD_SuspendCallback	0	static
stm32f7xx_hal_pcd.c:870:13:HAL_PCD_ResumeCallback	0	static
stm32f7xx_hal_pcd.c:886:13:HAL_PCD_ISOOUTIncompleteCallback	0	static
stm32f7xx_hal_pcd.c:903:13:HAL_PCD_ISOINIncompleteCallback	0	static
stm32f7xx_hal_pcd.c:919:13:HAL_PCD_ConnectCallback	0	static
stm32f7xx_hal_pcd.c:934:13:HAL_PCD_DisconnectCallback	0	static
stm32f7xx_hal_pcd.c:327:6:HAL_PCD_IRQHandler	64	static
stm32f7xx_hal_pcd.c:968:19:HAL_PCD_DevConnect	8	static
stm32f7xx_hal_pcd.c:981:19:HAL_PCD_DevDisconnect	8	static
stm32f7xx_hal_pcd.c:995:19:HAL_PCD_SetAddress	8	static
stm32f7xx_hal_pcd.c:1011:19:HAL_PCD_EP_Open	16	static
stm32f7xx_hal_pcd.c:1055:19:HAL_PCD_EP_Close	8	static
stm32f7xx_hal_pcd.c:1086:19:HAL_PCD_EP_Receive	16	static
stm32f7xx_hal_pcd.c:1122:10:HAL_PCD_EP_GetRxCount	0	static
stm32f7xx_hal_pcd.c:1134:19:HAL_PCD_EP_Transmit	16	static
stm32f7xx_hal_pcd.c:1170:19:HAL_PCD_EP_SetStall	16	static
stm32f7xx_hal_pcd.c:1211:19:HAL_PCD_EP_ClrStall	16	static
stm32f7xx_hal_pcd.c:1247:19:HAL_PCD_EP_Flush	8	static
stm32f7xx_hal_pcd.c:1270:19:HAL_PCD_ActivateRemoteWakeup	0	static
stm32f7xx_hal_pcd.c:1280:19:HAL_PCD_DeActivateRemoteWakeup	0	static
stm32f7xx_hal_pcd.c:1309:18:HAL_PCD_GetState	0	static
