stm32f7xx_ll_usb.c:1206:26:USB_CoreReset	0	static
stm32f7xx_ll_usb.c:102:19:USB_CoreInit	16	static
stm32f7xx_ll_usb.c:174:19:USB_EnableGlobalInt	0	static
stm32f7xx_ll_usb.c:186:19:USB_DisableGlobalInt	0	static
stm32f7xx_ll_usb.c:202:19:USB_SetCurrentMode	8	static
stm32f7xx_ll_usb.c:397:19:USB_FlushTxFifo	0	static
stm32f7xx_ll_usb.c:420:19:USB_FlushRxFifo	0	static
stm32f7xx_ll_usb.c:450:19:USB_SetDevSpeed	0	static
stm32f7xx_ll_usb.c:231:19:USB_DevInit	32	static
stm32f7xx_ll_usb.c:467:9:USB_GetDevSpeed	0	static
stm32f7xx_ll_usb.c:500:19:USB_ActivateEndpoint	16	static
stm32f7xx_ll_usb.c:538:19:USB_ActivateDedicatedEndpoint	20	static
stm32f7xx_ll_usb.c:577:19:USB_DeactivateEndpoint	12	static
stm32f7xx_ll_usb.c:612:19:USB_DeactivateDedicatedEndpoint	12	static
stm32f7xx_ll_usb.c:767:19:USB_EP0StartXfer	20	static
stm32f7xx_ll_usb.c:858:19:USB_WritePacket	8	static
stm32f7xx_ll_usb.c:642:19:USB_EPStartXfer	32	static
stm32f7xx_ll_usb.c:889:7:USB_ReadPacket	0	static
stm32f7xx_ll_usb.c:911:19:USB_EPSetStall	0	static
stm32f7xx_ll_usb.c:942:19:USB_EPClearStall	0	static
stm32f7xx_ll_usb.c:971:19:USB_StopDevice	16	static
stm32f7xx_ll_usb.c:1002:20:USB_SetDevAddress	0	static
stm32f7xx_ll_usb.c:1017:20:USB_DevConnect	8	static
stm32f7xx_ll_usb.c:1032:20:USB_DevDisconnect	8	static
stm32f7xx_ll_usb.c:1047:11:USB_ReadInterrupts	0	static
stm32f7xx_ll_usb.c:1062:10:USB_ReadDevAllOutEpInterrupt	0	static
stm32f7xx_ll_usb.c:1078:10:USB_ReadDevAllInEpInterrupt	0	static
stm32f7xx_ll_usb.c:1096:10:USB_ReadDevOutEPInterrupt	0	static
stm32f7xx_ll_usb.c:1114:10:USB_ReadDevInEPInterrupt	8	static
stm32f7xx_ll_usb.c:1133:7:USB_ClearInterrupts	0	static
stm32f7xx_ll_usb.c:1146:10:USB_GetMode	0	static
stm32f7xx_ll_usb.c:1156:20:USB_ActivateSetup	0	static
stm32f7xx_ll_usb.c:1182:19:USB_EP0_OutStart	8	static
stm32f7xx_ll_usb.c:1388:19:USB_InitFSLSPClkSel	8	static
stm32f7xx_ll_usb.c:1418:19:USB_ResetPort	24	static
stm32f7xx_ll_usb.c:1445:19:USB_DriveVbus	8	static
stm32f7xx_ll_usb.c:1306:19:USB_HostInit	16	static
stm32f7xx_ll_usb.c:1475:10:USB_GetHostSpeed	8	static
stm32f7xx_ll_usb.c:1489:10:USB_GetCurrentFrame	0	static
stm32f7xx_ll_usb.c:1520:19:USB_HC_Init	24	static
stm32f7xx_ll_usb.c:1769:10:USB_HC_ReadInterrupt	0	static
stm32f7xx_ll_usb.c:1783:19:USB_HC_Halt	0	static
stm32f7xx_ll_usb.c:1848:19:USB_DoPing	0	static
stm32f7xx_ll_usb.c:1641:19:USB_HC_StartXfer	32	static
stm32f7xx_ll_usb.c:1872:19:USB_StopHost	8	static
stm32f7xx_ll_usb.c:1928:19:USB_ActivateRemoteWakeup	0	static
stm32f7xx_ll_usb.c:1946:19:USB_DeActivateRemoteWakeup	0	static
