stm32f7xx_hal_dcmi.c:177:19:HAL_DCMI_Init	16	static
stm32f7xx_hal_dcmi.c:287:19:HAL_DCMI_DeInit	16	static
stm32f7xx_hal_dcmi.c:319:13:HAL_DCMI_MspInit	16	static
stm32f7xx_hal_dcmi.c:335:13:HAL_DCMI_MspDeInit	16	static
stm32f7xx_hal_dcmi.c:374:19:HAL_DCMI_Start_DMA	40	static
stm32f7xx_hal_dcmi.c:465:19:HAL_DCMI_Stop	32	static
stm32f7xx_hal_dcmi.c:518:19:HAL_DCMI_Suspend	24	static
stm32f7xx_hal_dcmi.c:564:19:HAL_DCMI_Resume	16	static
stm32f7xx_hal_dcmi.c:590:6:HAL_DCMI_IRQHandler	24	static
stm32f7xx_hal_dcmi.c:693:13:HAL_DCMI_ErrorCallback	16	static
stm32f7xx_hal_dcmi.c:709:13:HAL_DCMI_LineEventCallback	16	static
stm32f7xx_hal_dcmi.c:722:13:HAL_DCMI_VsyncEventCallback	16	static
stm32f7xx_hal_dcmi.c:738:13:HAL_DCMI_FrameEventCallback	16	static
stm32f7xx_hal_dcmi.c:778:19:HAL_DCMI_ConfigCrop	24	static
stm32f7xx_hal_dcmi.c:811:19:HAL_DCMI_DisableCrop	16	static
stm32f7xx_hal_dcmi.c:837:19:HAL_DCMI_EnableCrop	16	static
stm32f7xx_hal_dcmi.c:865:20:HAL_DCMI_ConfigSyncUnmask	16	static
stm32f7xx_hal_dcmi.c:914:23:HAL_DCMI_GetState	16	static
stm32f7xx_hal_dcmi.c:925:10:HAL_DCMI_GetError	16	static
stm32f7xx_hal_dcmi.c:1109:13:DCMI_DMAXferCplt	24	static
stm32f7xx_hal_dcmi.c:1166:13:DCMI_DMAError	24	static
