stm32f7xx_hal_flash.c:164:19:HAL_FLASH_Program	32	static
stm32f7xx_hal_flash.c:233:19:HAL_FLASH_Program_IT	32	static
stm32f7xx_hal_flash.c:295:6:HAL_FLASH_IRQHandler	16	static
stm32f7xx_hal_flash.c:430:13:HAL_FLASH_EndOfOperationCallback	16	static
stm32f7xx_hal_flash.c:448:13:HAL_FLASH_OperationErrorCallback	16	static
stm32f7xx_hal_flash.c:480:19:HAL_FLASH_Unlock	16	static
stm32f7xx_hal_flash.c:504:19:HAL_FLASH_Lock	4	static
stm32f7xx_hal_flash.c:516:19:HAL_FLASH_OB_Unlock	4	static
stm32f7xx_hal_flash.c:536:19:HAL_FLASH_OB_Lock	4	static
stm32f7xx_hal_flash.c:548:19:HAL_FLASH_OB_Launch	8	static
stm32f7xx_hal_flash.c:584:10:HAL_FLASH_GetError	4	static
stm32f7xx_hal_flash.c:598:19:FLASH_WaitForLastOperation	24	static
stm32f7xx_hal_flash.c:653:13:FLASH_Program_DoubleWord	24	static,ignoring_inline_asm
stm32f7xx_hal_flash.c:690:13:FLASH_Program_Word	16	static,ignoring_inline_asm
stm32f7xx_hal_flash.c:719:13:FLASH_Program_HalfWord	16	static,ignoring_inline_asm
stm32f7xx_hal_flash.c:749:13:FLASH_Program_Byte	16	static,ignoring_inline_asm
stm32f7xx_hal_flash.c:770:13:FLASH_SetErrorCode	4	static
